#
# A fatal error has been detected by the Java Runtime Environment:
#
#  EXCEPTION_ACCESS_VIOLATION (0xc0000005) at pc=0x000002052a02d9f0, pid=13172, tid=12628
#
# JRE version: OpenJDK Runtime Environment Temurin-21.0.10+7 (21.0.10+7) (build 21.0.10+7-LTS)
# Java VM: OpenJDK 64-Bit Server VM Temurin-21.0.10+7 (21.0.10+7-LTS, mixed mode, sharing, tiered, compressed oops, compressed class ptrs, g1 gc, windows-amd64)
# Problematic frame:
# C  0x000002052a02d9f0
#
# No core dump will be written. Minidumps are not enabled by default on client versions of Windows
#
# If you would like to submit a bug report, please visit:
#   https://github.com/adoptium/adoptium-support/issues
#

---------------  S U M M A R Y ------------

Command Line: -XX:+ShowCodeDetailsInExceptionMessages -agentlib:jdwp=transport=dt_socket,suspend=y,address=localhost:57019 -ea -Dfile.encoding=UTF-8 -Dstdout.encoding=UTF-8 -Dstderr.encoding=UTF-8 org.testng.remote.RemoteTestNG -serport 57018 -protocol json -d D:\project_iCaffe\project_iCaffe\test-output C:\Users\user\AppData\Local\Temp\testng-eclipse--1553951589\testng-customsuite.xml

Host: Intel(R) Core(TM) i3-3220 CPU @ 3.30GHz, 4 cores, 15G,  Windows 10 , 64 bit Build 19041 (10.0.19041.5915)
Time: Mon Apr 27 14:58:14 2026 India Standard Time elapsed time: 315.613181 seconds (0d 0h 5m 15s)

---------------  T H R E A D  ---------------

Current thread (0x000002050e739d30):  JavaThread "main"             [_thread_in_Java, id=12628, stack(0x0000000c1fb00000,0x0000000c1fc00000) (1024K)]

Stack: [0x0000000c1fb00000,0x0000000c1fc00000],  sp=0x0000000c1fbfe118,  free space=1016k
Native frames: (J=compiled Java code, j=interpreted, Vv=VM code, C=native code)
C  0x000002052a02d9f0


siginfo: EXCEPTION_ACCESS_VIOLATION (0xc0000005), data execution prevention violation at address 0x000002052a02d9f0


Registers:
RAX=0x00000205196296b9, RBX=0x000002052a02dc18, RCX=0x00000205290af458, RDX=0x00000205196296b9
RSP=0x0000000c1fbfe118, RBP=0x0000000c1fbfe168, RSI=0x0000020528921818, RDI=0x00000205285dad40
R8 =0x0000000000000001, R9 =0x000002050c433850, R10=0x00000205290411e8, R11=0x0000000000000002
R12=0x0000000000000000, R13=0x0000000c1fbfe118, R14=0x0000000c1fbfe188, R15=0x000002050e739d30
RIP=0x000002052a02d9f0, EFLAGS=0x0000000000010202

XMM[0]=0x0000000000000000 0x0000000000000000
XMM[1]=0x0000000000000000 0x0000000000000000
XMM[2]=0x0000000000000000 0x0000000000000000
XMM[3]=0x0000000000000000 0x0000000000000000
XMM[4]=0x0000000000000000 0x0000000000000000
XMM[5]=0x0000000000000000 0x0000000000000000
XMM[6]=0x0000000000000000 0x0000000000000842
XMM[7]=0x0000000000000000 0x000000000000048f
XMM[8]=0x0000000000000000 0x0000000000000000
XMM[9]=0x0000000000000000 0x0000000711d62c80
XMM[10]=0x0000000000000000 0x0000000000000000
XMM[11]=0x0000000000000000 0x0000000000000000
XMM[12]=0x0000000000000000 0x0000000000000000
XMM[13]=0x0000000000000000 0x0000000000000000
XMM[14]=0x0000000000000000 0x0000000000000000
XMM[15]=0x0000000000000000 0x0000000000000000
  MXCSR=0x00001fa0


Register to memory mapping:

RAX=0x00000205196296b9 is at code_begin+4665 in an Interpreter codelet
return entry points  [0x0000020519628480, 0x000002051962a590]  8464 bytes
RBX=0x000002052a02dc18 is a pointer to class: 
branch_division_finyear.Branch_Division_FinYear_TestCase {0x000002052a02dc20}
 - instance size:     2
 - klass size:        72
 - access:            public synchronized 
 - flags:             rewritten should_verify_class has_localvariable_table has_vanilla_constructor has_resolved_methods 
 - state:             fully_initialized
 - name:              'branch_division_finyear/Branch_Division_FinYear_TestCase'
 - super:             'basetest/BaseTest'
 - sub:               
 - arrays:            null
 - methods:           Array<T>(0x000002056a4effc0)
 - method ordering:   Array<T>(0x000002056a4fa510)
 - local interfaces:  Array<T>(0x00000205296112b0)
 - trans. interfaces: Array<T>(0x00000205296112b0)
 - secondary supers: Array<T>(0x0000020529610e00)
 - hash_slot:         29
 - bitmap:            0x0000000000000000
 - constants:         constant pool [165] {0x000002056a4ef9e8} for 'branch_division_finyear/Branch_Division_FinYear_TestCase' cache=0x000002056a5f6740
 - class loader data:  loader data: 0x00000205286168c0 for instance a 'jdk/internal/loader/ClassLoaders$AppClassLoader'{0x000000070226ca58}
 - source file:       'Branch_Division_FinYear_TestCase.java'
 - inner classes:     Array<T>(0x0000020529611238)
 - nest members:     Array<T>(0x0000020529611238)
 - permitted subclasses:     Array<T>(0x0000020529611238)
 - java mirror:       a 'java/lang/Class'{0x0000000710014310} = 'branch_division_finyear/Branch_Division_FinYear_TestCase'
 - vtable length      12  (start addr: 0x000002052a02dde8)
 - itable length      2 (start addr: 0x000002052a02de48)
 - ---- static fields (0 words):
 - ---- non-static fields (0 words):
 - non-static oop maps: 
RCX=0x00000205290af458 is pointing into metadata
RDX=0x00000205196296b9 is at code_begin+4665 in an Interpreter codelet
return entry points  [0x0000020519628480, 0x000002051962a590]  8464 bytes
RSP=0x0000000c1fbfe118 is pointing into the stack for thread: 0x000002050e739d30
RBP=0x0000000c1fbfe168 is pointing into the stack for thread: 0x000002050e739d30
RSI=0x0000020528921818 points into unknown readable memory: 0x880007000875a768 | 68 a7 75 08 00 07 00 88
RDI=0x00000205285dad40 points into unknown readable memory: 0x0000000800000060 | 60 00 00 00 08 00 00 00
R8 =0x0000000000000001 is an unknown value
R9 =0x000002050c433850 points into unknown readable memory: 0x0000008000000001 | 01 00 00 00 80 00 00 00
R10=0x00000205290411e8 is a pointer to class: 
java.lang.reflect.Method {0x00000205290411f0}
 - instance size:     11
 - klass size:        141
 - access:            public final synchronized 
 - flags:             rewritten has_nonstatic_fields has_nonstatic_concrete_methods is_shared_boot_class has_localvariable_table has_resolved_methods 
 - state:             fully_initialized
 - name:              'java/lang/reflect/Method'
 - super:             'java/lang/reflect/Executable'
 - sub:               
 - arrays:            'java/lang/reflect/Method'[]
 - methods:           Array<T>(0x000002052967d658)
 - method ordering:   Array<T>(0x000002052967e508)
 - local interfaces:  Array<T>(0x00000205296112b0)
 - trans. interfaces: Array<T>(0x00000205296362e8)
 - secondary supers: Array<T>(0x000002052967a688)
 - hash_slot:         0
 - bitmap:            0x0002000200080000
 - constants:         constant pool [472] {0x000002052967a760} for 'java/lang/reflect/Method' cache=0x0000020529041888
 - class loader data:  loader data: 0x00000205283eb270 of 'bootstrap'
 - source file:       'Method.java'
 - field annotations:       Array<T>(0x000002052967d518)
 - inner classes:     Array<T>(0x0000020529611238)
 - nest members:     Array<T>(0x0000020529611238)
 - permitted subclasses:     Array<T>(0x0000020529611238)
 - java mirror:       a 'java/lang/Class'{0x000000070226c968} = 'java/lang/reflect/Method'
 - vtable length      57  (start addr: 0x00000205290413b8)
 - itable length      24 (start addr: 0x0000020529041580)
 - ---- static fields (0 words):
 - ---- non-static fields (18 words):
 - 'override' 'Z' @12 
 - volatile 'accessCheckCache' 'Ljava/lang/Object;' @16 
 - private transient 'parameterData' 'Ljava/lang/reflect/Executable$ParameterData;' @20 
 - private volatile transient 'declaredAnnotations' 'Ljava/util/Map;' @24 
 - private 'callerSensitive' 'B' @13 
 - private final 'slot' 'I' @28 
 - private final 'modifiers' 'I' @32 
 - private final 'clazz' 'Ljava/lang/Class;' @36 
 - private final 'name' 'Ljava/lang/String;' @40 
 - private final 'returnType' 'Ljava/lang/Class;' @44 
 - private final 'parameterTypes' '[Ljava/lang/Class;' @48 
 - private final 'exceptionTypes' '[Ljava/lang/Class;' @52 
 - private final transient 'signature' 'Ljava/lang/String;' @56 
 - private volatile transient 'genericInfo' 'Lsun/reflect/generics/repository/MethodRepository;' @60 
 - private final 'annotations' '[B' @64 
 - private final 'parameterAnnotations' '[B' @68 
 - private final 'annotationDefault' '[B' @72 
 - private 'methodAccessor' 'Ljdk/internal/reflect/MethodAccessor;' @76 
 - private 'root' 'Ljava/lang/reflect/Method;' @80 
 - non-static oop maps: 16-24 36-80 
R11=0x0000000000000002 is an unknown value
R12=0x0 is null
R13=0x0000000c1fbfe118 is pointing into the stack for thread: 0x000002050e739d30
R14=0x0000000c1fbfe188 is pointing into the stack for thread: 0x000002050e739d30
R15=0x000002050e739d30 is a thread

Top of Stack: (sp=0x0000000c1fbfe118)
0x0000000c1fbfe118:   00000205196296b9 0000000c1fbfe120
0x0000000c1fbfe128:   000002052972662a 0000000000000004
0x0000000c1fbfe138:   00000205290af458 000002056a3f07b8
0x0000000c1fbfe148:   0000000702268500 00000205290b2210
0x0000000c1fbfe158:   0000000c1fbfe118 0000000c1fbfe180
0x0000000c1fbfe168:   0000000c1fbfe1e0 00000205196296b9
0x0000000c1fbfe178:   0000000710000488 00000007100003d0
0x0000000c1fbfe188:   0000000710000460 0000000710cc83b0
0x0000000c1fbfe198:   0000000c1fbfe198 000002056a9d4e89
0x0000000c1fbfe1a8:   0000000000000007 000002056a9d5000
0x0000000c1fbfe1b8:   0000000000000000 000000071000ad70
0x0000000c1fbfe1c8:   000002056a9d4e98 0000000c1fbfe188
0x0000000c1fbfe1d8:   0000000c1fbfe208 0000000c1fbfe268
0x0000000c1fbfe1e8:   00000205196296b9 0000000710000460
0x0000000c1fbfe1f8:   00000007100003d0 00000007100004f0
0x0000000c1fbfe208:   00000007100003d0 00000007100004e0
0x0000000c1fbfe218:   00000007100004b8 0000000c1fbfe220
0x0000000c1fbfe228:   0000020529721ad4 0000000000000005
0x0000000c1fbfe238:   00000205290ad568 0000000000000000
0x0000000c1fbfe248:   0000000702277650 00000205290ae510
0x0000000c1fbfe258:   0000000c1fbfe208 0000000c1fbfe278
0x0000000c1fbfe268:   0000000c1fbfe2e0 00000205196296b9
0x0000000c1fbfe278:   0000000702266388 00000007100003d0
0x0000000c1fbfe288:   00000007100004e0 00000007100004b8
0x0000000c1fbfe298:   0000000c1fbfe298 0000020529b37e87
0x0000000c1fbfe2a8:   0000000000000004 00000205293c8c80
0x0000000c1fbfe2b8:   0000000000000000 00000007021ff070
0x0000000c1fbfe2c8:   00000205293c8830 0000000c1fbfe278
0x0000000c1fbfe2d8:   0000000c1fbfe2f0 0000000c1fbfe350
0x0000000c1fbfe2e8:   00000205196296b9 0000000710000538
0x0000000c1fbfe2f8:   00000007100004e0 0000000710000518
0x0000000c1fbfe308:   0000000c1fbfe308 0000020529b386ef 

Instructions: (pc=0x000002052a02d9f0)
0x000002052a02d8f0:   c0 6f 4f 6a 05 02 00 00 00 00 00 00 00 00 00 00
0x000002052a02d900:   b0 6f 4f 6a 05 02 00 00 b0 6f 4f 6a 05 02 00 00
0x000002052a02d910:   88 8b 4f 6a 05 02 00 00 00 00 00 00 00 00 00 00
0x000002052a02d920:   38 8b 4f 6a 05 02 00 00 78 8b 4f 6a 05 02 00 00
0x000002052a02d930:   98 10 00 29 05 02 00 00 68 87 4f 6a 05 02 00 00
0x000002052a02d940:   08 81 4f 6a 05 02 00 00 00 86 4f 6a 05 02 00 00
0x000002052a02d950:   88 83 4f 6a 05 02 00 00 60 81 4f 6a 05 02 00 00
0x000002052a02d960:   70 7d 4f 6a 05 02 00 00 d0 7e 4f 6a 05 02 00 00
0x000002052a02d970:   88 7f 4f 6a 05 02 00 00 30 84 4f 6a 05 02 00 00
0x000002052a02d980:   e8 84 4f 6a 05 02 00 00 48 88 4f 6a 05 02 00 00
0x000002052a02d990:   08 7c 4f 6a 05 02 00 00 e8 89 4f 6a 05 02 00 00
0x000002052a02d9a0:   28 89 4f 6a 05 02 00 00 50 80 4f 6a 05 02 00 00
0x000002052a02d9b0:   28 7e 4f 6a 05 02 00 00 c0 7c 4f 6a 05 02 00 00
0x000002052a02d9c0:   90 7a 4f 6a 05 02 00 00 a0 8a 4f 6a 05 02 00 00
0x000002052a02d9d0:   58 7b 4f 6a 05 02 00 00 00 00 00 00 00 00 00 00
0x000002052a02d9e0:   00 00 00 00 00 00 00 00 14 00 00 00 06 00 00 00
0x000002052a02d9f0:   a0 21 bb e8 f8 7f 00 00 10 00 00 00 00 00 00 00
0x000002052a02da00:   01 00 00 00 38 00 00 00 68 fe 37 6e 05 02 00 00
0x000002052a02da10:   00 00 00 00 00 00 00 00 00 0e 61 29 05 02 00 00
0x000002052a02da20:   90 0e 00 29 05 02 00 00 f0 d9 02 2a 05 02 00 00
0x000002052a02da30:   00 00 00 00 00 00 00 00 00 00 00 00 00 00 00 00
0x000002052a02da40:   00 00 00 00 00 00 00 00 00 00 00 00 00 00 00 00
0x000002052a02da50:   00 00 00 00 00 00 00 00 00 00 00 00 00 00 00 00
0x000002052a02da60:   48 b4 45 6e 05 02 00 00 90 0e 00 29 05 02 00 00
0x000002052a02da70:   18 dc 02 2a 05 02 00 00 60 d7 02 2a 05 02 00 00
0x000002052a02da80:   60 d7 02 2a 05 02 00 00 c0 68 61 28 05 02 00 00
0x000002052a02da90:   00 00 00 00 00 00 00 00 24 00 00 00 09 00 00 00
0x000002052a02daa0:   21 00 00 00 00 00 00 00 00 00 76 08 00 00 00 00
0x000002052a02dab0:   ff ff 00 00 00 00 00 00 00 00 00 00 00 00 00 00
0x000002052a02dac0:   a0 0a 38 6e 05 02 00 00 00 00 00 00 00 00 00 00
0x000002052a02dad0:   48 9b 4f 6a 05 02 00 00 38 12 61 29 05 02 00 00
0x000002052a02dae0:   38 12 61 29 05 02 00 00 00 00 00 00 00 00 00 00 


Stack slot to memory mapping:

stack at sp + 0 slots: 0x00000205196296b9 is at code_begin+4665 in an Interpreter codelet
return entry points  [0x0000020519628480, 0x000002051962a590]  8464 bytes
stack at sp + 1 slots: 0x0000000c1fbfe120 is pointing into the stack for thread: 0x000002050e739d30
stack at sp + 2 slots: 0x000002052972662a is pointing into metadata
stack at sp + 3 slots: 0x0000000000000004 is an unknown value
stack at sp + 4 slots: 0x00000205290af458 is pointing into metadata
stack at sp + 5 slots: 0x000002056a3f07b8 is pointing into metadata
stack at sp + 6 slots: 0x0000000702268500 is an oop: java.lang.Class 
{0x0000000702268500} - klass: 'java/lang/Class'
 - ---- fields (total size 14 words):
 - private volatile transient 'classRedefinedCount' 'I' @12  0 (0x00000000)
 - injected 'klass' 'J' @16  2221186674720 (0x00000205290af020)
 - injected 'array_klass' 'J' @24  0 (0x0000000000000000)
 - injected 'oop_size' 'I' @32  14 (0x0000000e)
 - injected 'static_oop_field_count' 'I' @36  0 (0x00000000)
 - private volatile transient 'cachedConstructor' 'Ljava/lang/reflect/Constructor;' @40  null (0x00000000)
 - private transient 'name' 'Ljava/lang/String;' @44  null (0x00000000)
 - private transient 'module' 'Ljava/lang/Module;' @48  a 'java/lang/Module'{0x000000070225e938} (0xe044bd27)
 - private final 'classLoader' 'Ljava/lang/ClassLoader;' @52  null (0x00000000)
 - private transient 'classData' 'Ljava/lang/Object;' @56  null (0x00000000)
 - private transient 'packageName' 'Ljava/lang/String;' @60  null (0x00000000)
 - private final 'componentType' 'Ljava/lang/Class;' @64  null (0x00000000)
 - private volatile transient 'reflectionData' 'Ljava/lang/ref/SoftReference;' @68  null (0x00000000)
 - private volatile transient 'genericInfo' 'Lsun/reflect/generics/repository/ClassRepository;' @72  null (0x00000000)
 - private volatile transient 'enumConstants' '[Ljava/lang/Object;' @76  null (0x00000000)
 - private volatile transient 'enumConstantDirectory' 'Ljava/util/Map;' @80  null (0x00000000)
 - private volatile transient 'annotationData' 'Ljava/lang/Class$AnnotationData;' @84  null (0x00000000)
 - private volatile transient 'annotationType' 'Lsun/reflect/annotation/AnnotationType;' @88  null (0x00000000)
 - transient 'classValueMap' 'Ljava/lang/ClassValue$ClassValueMap;' @92  null (0x00000000)
 - injected 'protection_domain' 'Ljava/lang/Object;' @96  null (0x00000000)
 - injected 'signers_name' 'Ljava/lang/Object;' @100  null (0x00000000)
 - injected 'source_file' 'Ljava/lang/Object;' @104  null (0x00000000)
 - injected '<init_lock>' 'Ljava/lang/Object;' @108  null (0x00000000)
 - signature: Ljava/lang/invoke/DirectMethodHandle$Holder;
 - ---- static fields (0):
stack at sp + 7 slots: {method} {0x00000205290b2218} 'invokeStatic' '(Ljava/lang/Object;Ljava/lang/Object;)Ljava/lang/Object;' in 'java/lang/invoke/DirectMethodHandle$Holder'


---------------  P R O C E S S  ---------------

Threads class SMR info:
_java_thread_list=0x000002056e5cd9e0, length=15, elements={
0x000002050e739d30, 0x000002052855cfa0, 0x000002052855e2a0, 0x00000205285624c0,
0x00000205285631a0, 0x00000205285643a0, 0x00000205285675b0, 0x000002052856bfe0,
0x0000020528571280, 0x00000205286d60b0, 0x00000205286dab70, 0x00000205286dd200,
0x00000205286e00c0, 0x00000205286e8f10, 0x000002056e395170
}

Java Threads: ( => current thread )
=>0x000002050e739d30 JavaThread "main"                              [_thread_in_Java, id=12628, stack(0x0000000c1fb00000,0x0000000c1fc00000) (1024K)]
  0x000002052855cfa0 JavaThread "Reference Handler"          daemon [_thread_blocked, id=976, stack(0x0000000c20300000,0x0000000c20400000) (1024K)]
  0x000002052855e2a0 JavaThread "Finalizer"                  daemon [_thread_blocked, id=14344, stack(0x0000000c20400000,0x0000000c20500000) (1024K)]
  0x00000205285624c0 JavaThread "Signal Dispatcher"          daemon [_thread_blocked, id=12580, stack(0x0000000c20500000,0x0000000c20600000) (1024K)]
  0x00000205285631a0 JavaThread "Attach Listener"            daemon [_thread_blocked, id=12856, stack(0x0000000c20600000,0x0000000c20700000) (1024K)]
  0x00000205285643a0 JavaThread "Service Thread"             daemon [_thread_blocked, id=10584, stack(0x0000000c20700000,0x0000000c20800000) (1024K)]
  0x00000205285675b0 JavaThread "Monitor Deflation Thread"   daemon [_thread_blocked, id=1172, stack(0x0000000c20800000,0x0000000c20900000) (1024K)]
  0x000002052856bfe0 JavaThread "C2 CompilerThread0"         daemon [_thread_blocked, id=11140, stack(0x0000000c20900000,0x0000000c20a00000) (1024K)]
  0x0000020528571280 JavaThread "C1 CompilerThread0"         daemon [_thread_blocked, id=14396, stack(0x0000000c20a00000,0x0000000c20b00000) (1024K)]
  0x00000205286d60b0 JavaThread "JDWP Transport Listener: dt_socket" daemon [_thread_blocked, id=13744, stack(0x0000000c20b00000,0x0000000c20c00000) (1024K)]
  0x00000205286dab70 JavaThread "JDWP Event Helper Thread"   daemon [_thread_blocked, id=1980, stack(0x0000000c20c00000,0x0000000c20d00000) (1024K)]
  0x00000205286dd200 JavaThread "JDWP Command Reader"        daemon [_thread_in_native, id=9752, stack(0x0000000c20d00000,0x0000000c20e00000) (1024K)]
  0x00000205286e00c0 JavaThread "Notification Thread"        daemon [_thread_blocked, id=12332, stack(0x0000000c20e00000,0x0000000c20f00000) (1024K)]
  0x00000205286e8f10 JavaThread "Common-Cleaner"             daemon [_thread_blocked, id=6112, stack(0x0000000c20f00000,0x0000000c21000000) (1024K)]
  0x000002056e395170 JavaThread "ReaderThread"                      [_thread_in_native, id=7044, stack(0x0000000c21200000,0x0000000c21300000) (1024K)]
Total: 15

Other Threads:
  0x0000020528540140 VMThread "VM Thread"                           [id=7848, stack(0x0000000c20200000,0x0000000c20300000) (1024K)]
  0x000002052852cf50 WatcherThread "VM Periodic Task Thread"        [id=3460, stack(0x0000000c20100000,0x0000000c20200000) (1024K)]
  0x000002050e7a2c30 WorkerThread "GC Thread#0"                     [id=11608, stack(0x0000000c1fc00000,0x0000000c1fd00000) (1024K)]
  0x000002056e3b8db0 WorkerThread "GC Thread#1"                     [id=14296, stack(0x0000000c21300000,0x0000000c21400000) (1024K)]
  0x000002056e3b9160 WorkerThread "GC Thread#2"                     [id=14508, stack(0x0000000c21400000,0x0000000c21500000) (1024K)]
  0x000002056e179c20 WorkerThread "GC Thread#3"                     [id=4280, stack(0x0000000c21500000,0x0000000c21600000) (1024K)]
  0x000002050e7b4290 ConcurrentGCThread "G1 Main Marker"            [id=8052, stack(0x0000000c1fd00000,0x0000000c1fe00000) (1024K)]
  0x000002050e7b4cb0 WorkerThread "G1 Conc#0"                       [id=12528, stack(0x0000000c1fe00000,0x0000000c1ff00000) (1024K)]
  0x00000205283ee540 ConcurrentGCThread "G1 Refine#0"               [id=13240, stack(0x0000000c1ff00000,0x0000000c20000000) (1024K)]
  0x00000205283eefd0 ConcurrentGCThread "G1 Service"                [id=10136, stack(0x0000000c20000000,0x0000000c20100000) (1024K)]
Total: 10

Threads with active compile tasks:
Total: 0

VM state: not at safepoint (normal execution)

VM Mutex/Monitor currently owned by a thread: None

Heap address: 0x0000000701e00000, size: 4066 MB, Compressed Oops mode: Zero based, Oop shift amount: 3

CDS archive(s) mapped at: [0x0000020529000000-0x0000020529c80000-0x0000020529c80000), size 13107200, SharedBaseAddress: 0x0000020529000000, ArchiveRelocationMode: 1.
Compressed class space mapped at: 0x000002052a000000-0x000002056a000000, reserved size: 1073741824
Narrow klass base: 0x0000020529000000, Narrow klass shift: 0, Narrow klass range: 0x100000000

GC Precious Log:
 CardTable entry size: 512
 Card Set container configuration: InlinePtr #cards 4 size 8 Array Of Cards #cards 16 size 48 Howl #buckets 8 coarsen threshold 3686 Howl Bitmap #cards 512 size 80 coarsen threshold 460 Card regions per heap region 1 cards per card region 4096
 CPUs: 4 total, 4 available
 Memory: 16262M
 Large Page Support: Disabled
 NUMA Support: Disabled
 Compressed Oops: Enabled (Zero based)
 Heap Region Size: 2M
 Heap Min Capacity: 8M
 Heap Initial Capacity: 256M
 Heap Max Capacity: 4066M
 Pre-touch: Disabled
 Parallel Workers: 4
 Concurrent Workers: 1
 Concurrent Refinement Workers: 4
 Periodic GC: Disabled

Heap:
 garbage-first heap   total 262144K, used 71706K [0x0000000701e00000, 0x0000000800000000)
  region size 2048K, 33 young (67584K), 2 survivors (4096K)
 Metaspace       used 18819K, committed 19200K, reserved 1114112K
  class space    used 2268K, committed 2432K, reserved 1048576K

Heap Regions: E=young(eden), S=young(survivor), O=old, HS=humongous(starts), HC=humongous(continues), CS=collection set, F=free, TAMS=top-at-mark-start, PB=parsable bottom
|   0|0x0000000701e00000, 0x0000000702000000, 0x0000000702000000|100%| O|  |TAMS 0x0000000701e00000| PB 0x0000000701e00000| Untracked 
|   1|0x0000000702000000, 0x0000000702200000, 0x0000000702200000|100%| O|  |TAMS 0x0000000702000000| PB 0x0000000702000000| Untracked 
|   2|0x0000000702200000, 0x0000000702400000, 0x0000000702400000|100%| O|  |TAMS 0x0000000702200000| PB 0x0000000702200000| Untracked 
|   3|0x0000000702400000, 0x00000007024b2258, 0x0000000702600000| 34%| O|  |TAMS 0x0000000702400000| PB 0x0000000702400000| Untracked 
|   4|0x0000000702600000, 0x0000000702600000, 0x0000000702800000|  0%| F|  |TAMS 0x0000000702600000| PB 0x0000000702600000| Untracked 
|   5|0x0000000702800000, 0x0000000702800000, 0x0000000702a00000|  0%| F|  |TAMS 0x0000000702800000| PB 0x0000000702800000| Untracked 
|   6|0x0000000702a00000, 0x0000000702a00000, 0x0000000702c00000|  0%| F|  |TAMS 0x0000000702a00000| PB 0x0000000702a00000| Untracked 
|   7|0x0000000702c00000, 0x0000000702c00000, 0x0000000702e00000|  0%| F|  |TAMS 0x0000000702c00000| PB 0x0000000702c00000| Untracked 
|   8|0x0000000702e00000, 0x0000000702e00000, 0x0000000703000000|  0%| F|  |TAMS 0x0000000702e00000| PB 0x0000000702e00000| Untracked 
|   9|0x0000000703000000, 0x0000000703000000, 0x0000000703200000|  0%| F|  |TAMS 0x0000000703000000| PB 0x0000000703000000| Untracked 
|  10|0x0000000703200000, 0x0000000703200000, 0x0000000703400000|  0%| F|  |TAMS 0x0000000703200000| PB 0x0000000703200000| Untracked 
|  11|0x0000000703400000, 0x0000000703400000, 0x0000000703600000|  0%| F|  |TAMS 0x0000000703400000| PB 0x0000000703400000| Untracked 
|  12|0x0000000703600000, 0x0000000703600000, 0x0000000703800000|  0%| F|  |TAMS 0x0000000703600000| PB 0x0000000703600000| Untracked 
|  13|0x0000000703800000, 0x0000000703800000, 0x0000000703a00000|  0%| F|  |TAMS 0x0000000703800000| PB 0x0000000703800000| Untracked 
|  14|0x0000000703a00000, 0x0000000703a00000, 0x0000000703c00000|  0%| F|  |TAMS 0x0000000703a00000| PB 0x0000000703a00000| Untracked 
|  15|0x0000000703c00000, 0x0000000703c00000, 0x0000000703e00000|  0%| F|  |TAMS 0x0000000703c00000| PB 0x0000000703c00000| Untracked 
|  16|0x0000000703e00000, 0x0000000703e00000, 0x0000000704000000|  0%| F|  |TAMS 0x0000000703e00000| PB 0x0000000703e00000| Untracked 
|  17|0x0000000704000000, 0x0000000704000000, 0x0000000704200000|  0%| F|  |TAMS 0x0000000704000000| PB 0x0000000704000000| Untracked 
|  18|0x0000000704200000, 0x0000000704200000, 0x0000000704400000|  0%| F|  |TAMS 0x0000000704200000| PB 0x0000000704200000| Untracked 
|  19|0x0000000704400000, 0x0000000704400000, 0x0000000704600000|  0%| F|  |TAMS 0x0000000704400000| PB 0x0000000704400000| Untracked 
|  20|0x0000000704600000, 0x0000000704600000, 0x0000000704800000|  0%| F|  |TAMS 0x0000000704600000| PB 0x0000000704600000| Untracked 
|  21|0x0000000704800000, 0x0000000704800000, 0x0000000704a00000|  0%| F|  |TAMS 0x0000000704800000| PB 0x0000000704800000| Untracked 
|  22|0x0000000704a00000, 0x0000000704a00000, 0x0000000704c00000|  0%| F|  |TAMS 0x0000000704a00000| PB 0x0000000704a00000| Untracked 
|  23|0x0000000704c00000, 0x0000000704c00000, 0x0000000704e00000|  0%| F|  |TAMS 0x0000000704c00000| PB 0x0000000704c00000| Untracked 
|  24|0x0000000704e00000, 0x0000000704e00000, 0x0000000705000000|  0%| F|  |TAMS 0x0000000704e00000| PB 0x0000000704e00000| Untracked 
|  25|0x0000000705000000, 0x0000000705000000, 0x0000000705200000|  0%| F|  |TAMS 0x0000000705000000| PB 0x0000000705000000| Untracked 
|  26|0x0000000705200000, 0x0000000705200000, 0x0000000705400000|  0%| F|  |TAMS 0x0000000705200000| PB 0x0000000705200000| Untracked 
|  27|0x0000000705400000, 0x0000000705400000, 0x0000000705600000|  0%| F|  |TAMS 0x0000000705400000| PB 0x0000000705400000| Untracked 
|  28|0x0000000705600000, 0x0000000705600000, 0x0000000705800000|  0%| F|  |TAMS 0x0000000705600000| PB 0x0000000705600000| Untracked 
|  29|0x0000000705800000, 0x0000000705800000, 0x0000000705a00000|  0%| F|  |TAMS 0x0000000705800000| PB 0x0000000705800000| Untracked 
|  30|0x0000000705a00000, 0x0000000705a00000, 0x0000000705c00000|  0%| F|  |TAMS 0x0000000705a00000| PB 0x0000000705a00000| Untracked 
|  31|0x0000000705c00000, 0x0000000705c00000, 0x0000000705e00000|  0%| F|  |TAMS 0x0000000705c00000| PB 0x0000000705c00000| Untracked 
|  32|0x0000000705e00000, 0x0000000705e00000, 0x0000000706000000|  0%| F|  |TAMS 0x0000000705e00000| PB 0x0000000705e00000| Untracked 
|  33|0x0000000706000000, 0x0000000706000000, 0x0000000706200000|  0%| F|  |TAMS 0x0000000706000000| PB 0x0000000706000000| Untracked 
|  34|0x0000000706200000, 0x0000000706200000, 0x0000000706400000|  0%| F|  |TAMS 0x0000000706200000| PB 0x0000000706200000| Untracked 
|  35|0x0000000706400000, 0x0000000706400000, 0x0000000706600000|  0%| F|  |TAMS 0x0000000706400000| PB 0x0000000706400000| Untracked 
|  36|0x0000000706600000, 0x0000000706600000, 0x0000000706800000|  0%| F|  |TAMS 0x0000000706600000| PB 0x0000000706600000| Untracked 
|  37|0x0000000706800000, 0x0000000706800000, 0x0000000706a00000|  0%| F|  |TAMS 0x0000000706800000| PB 0x0000000706800000| Untracked 
|  38|0x0000000706a00000, 0x0000000706a00000, 0x0000000706c00000|  0%| F|  |TAMS 0x0000000706a00000| PB 0x0000000706a00000| Untracked 
|  39|0x0000000706c00000, 0x0000000706c00000, 0x0000000706e00000|  0%| F|  |TAMS 0x0000000706c00000| PB 0x0000000706c00000| Untracked 
|  40|0x0000000706e00000, 0x0000000706e00000, 0x0000000707000000|  0%| F|  |TAMS 0x0000000706e00000| PB 0x0000000706e00000| Untracked 
|  41|0x0000000707000000, 0x0000000707000000, 0x0000000707200000|  0%| F|  |TAMS 0x0000000707000000| PB 0x0000000707000000| Untracked 
|  42|0x0000000707200000, 0x0000000707200000, 0x0000000707400000|  0%| F|  |TAMS 0x0000000707200000| PB 0x0000000707200000| Untracked 
|  43|0x0000000707400000, 0x0000000707400000, 0x0000000707600000|  0%| F|  |TAMS 0x0000000707400000| PB 0x0000000707400000| Untracked 
|  44|0x0000000707600000, 0x0000000707600000, 0x0000000707800000|  0%| F|  |TAMS 0x0000000707600000| PB 0x0000000707600000| Untracked 
|  45|0x0000000707800000, 0x0000000707800000, 0x0000000707a00000|  0%| F|  |TAMS 0x0000000707800000| PB 0x0000000707800000| Untracked 
|  46|0x0000000707a00000, 0x0000000707a00000, 0x0000000707c00000|  0%| F|  |TAMS 0x0000000707a00000| PB 0x0000000707a00000| Untracked 
|  47|0x0000000707c00000, 0x0000000707c00000, 0x0000000707e00000|  0%| F|  |TAMS 0x0000000707c00000| PB 0x0000000707c00000| Untracked 
|  48|0x0000000707e00000, 0x0000000707e00000, 0x0000000708000000|  0%| F|  |TAMS 0x0000000707e00000| PB 0x0000000707e00000| Untracked 
|  49|0x0000000708000000, 0x0000000708000000, 0x0000000708200000|  0%| F|  |TAMS 0x0000000708000000| PB 0x0000000708000000| Untracked 
|  50|0x0000000708200000, 0x0000000708200000, 0x0000000708400000|  0%| F|  |TAMS 0x0000000708200000| PB 0x0000000708200000| Untracked 
|  51|0x0000000708400000, 0x0000000708400000, 0x0000000708600000|  0%| F|  |TAMS 0x0000000708400000| PB 0x0000000708400000| Untracked 
|  52|0x0000000708600000, 0x0000000708600000, 0x0000000708800000|  0%| F|  |TAMS 0x0000000708600000| PB 0x0000000708600000| Untracked 
|  53|0x0000000708800000, 0x0000000708800000, 0x0000000708a00000|  0%| F|  |TAMS 0x0000000708800000| PB 0x0000000708800000| Untracked 
|  54|0x0000000708a00000, 0x0000000708a00000, 0x0000000708c00000|  0%| F|  |TAMS 0x0000000708a00000| PB 0x0000000708a00000| Untracked 
|  55|0x0000000708c00000, 0x0000000708c00000, 0x0000000708e00000|  0%| F|  |TAMS 0x0000000708c00000| PB 0x0000000708c00000| Untracked 
|  56|0x0000000708e00000, 0x0000000708e00000, 0x0000000709000000|  0%| F|  |TAMS 0x0000000708e00000| PB 0x0000000708e00000| Untracked 
|  57|0x0000000709000000, 0x0000000709000000, 0x0000000709200000|  0%| F|  |TAMS 0x0000000709000000| PB 0x0000000709000000| Untracked 
|  58|0x0000000709200000, 0x0000000709200000, 0x0000000709400000|  0%| F|  |TAMS 0x0000000709200000| PB 0x0000000709200000| Untracked 
|  59|0x0000000709400000, 0x0000000709400000, 0x0000000709600000|  0%| F|  |TAMS 0x0000000709400000| PB 0x0000000709400000| Untracked 
|  60|0x0000000709600000, 0x0000000709600000, 0x0000000709800000|  0%| F|  |TAMS 0x0000000709600000| PB 0x0000000709600000| Untracked 
|  61|0x0000000709800000, 0x0000000709800000, 0x0000000709a00000|  0%| F|  |TAMS 0x0000000709800000| PB 0x0000000709800000| Untracked 
|  62|0x0000000709a00000, 0x0000000709a00000, 0x0000000709c00000|  0%| F|  |TAMS 0x0000000709a00000| PB 0x0000000709a00000| Untracked 
|  63|0x0000000709c00000, 0x0000000709c00000, 0x0000000709e00000|  0%| F|  |TAMS 0x0000000709c00000| PB 0x0000000709c00000| Untracked 
|  64|0x0000000709e00000, 0x0000000709e00000, 0x000000070a000000|  0%| F|  |TAMS 0x0000000709e00000| PB 0x0000000709e00000| Untracked 
|  65|0x000000070a000000, 0x000000070a000000, 0x000000070a200000|  0%| F|  |TAMS 0x000000070a000000| PB 0x000000070a000000| Untracked 
|  66|0x000000070a200000, 0x000000070a200000, 0x000000070a400000|  0%| F|  |TAMS 0x000000070a200000| PB 0x000000070a200000| Untracked 
|  67|0x000000070a400000, 0x000000070a400000, 0x000000070a600000|  0%| F|  |TAMS 0x000000070a400000| PB 0x000000070a400000| Untracked 
|  68|0x000000070a600000, 0x000000070a600000, 0x000000070a800000|  0%| F|  |TAMS 0x000000070a600000| PB 0x000000070a600000| Untracked 
|  69|0x000000070a800000, 0x000000070a800000, 0x000000070aa00000|  0%| F|  |TAMS 0x000000070a800000| PB 0x000000070a800000| Untracked 
|  70|0x000000070aa00000, 0x000000070aa00000, 0x000000070ac00000|  0%| F|  |TAMS 0x000000070aa00000| PB 0x000000070aa00000| Untracked 
|  71|0x000000070ac00000, 0x000000070ac00000, 0x000000070ae00000|  0%| F|  |TAMS 0x000000070ac00000| PB 0x000000070ac00000| Untracked 
|  72|0x000000070ae00000, 0x000000070ae00000, 0x000000070b000000|  0%| F|  |TAMS 0x000000070ae00000| PB 0x000000070ae00000| Untracked 
|  73|0x000000070b000000, 0x000000070b000000, 0x000000070b200000|  0%| F|  |TAMS 0x000000070b000000| PB 0x000000070b000000| Untracked 
|  74|0x000000070b200000, 0x000000070b200000, 0x000000070b400000|  0%| F|  |TAMS 0x000000070b200000| PB 0x000000070b200000| Untracked 
|  75|0x000000070b400000, 0x000000070b400000, 0x000000070b600000|  0%| F|  |TAMS 0x000000070b400000| PB 0x000000070b400000| Untracked 
|  76|0x000000070b600000, 0x000000070b600000, 0x000000070b800000|  0%| F|  |TAMS 0x000000070b600000| PB 0x000000070b600000| Untracked 
|  77|0x000000070b800000, 0x000000070b800000, 0x000000070ba00000|  0%| F|  |TAMS 0x000000070b800000| PB 0x000000070b800000| Untracked 
|  78|0x000000070ba00000, 0x000000070ba00000, 0x000000070bc00000|  0%| F|  |TAMS 0x000000070ba00000| PB 0x000000070ba00000| Untracked 
|  79|0x000000070bc00000, 0x000000070bc00000, 0x000000070be00000|  0%| F|  |TAMS 0x000000070bc00000| PB 0x000000070bc00000| Untracked 
|  80|0x000000070be00000, 0x000000070be00000, 0x000000070c000000|  0%| F|  |TAMS 0x000000070be00000| PB 0x000000070be00000| Untracked 
|  81|0x000000070c000000, 0x000000070c000000, 0x000000070c200000|  0%| F|  |TAMS 0x000000070c000000| PB 0x000000070c000000| Untracked 
|  82|0x000000070c200000, 0x000000070c200000, 0x000000070c400000|  0%| F|  |TAMS 0x000000070c200000| PB 0x000000070c200000| Untracked 
|  83|0x000000070c400000, 0x000000070c400000, 0x000000070c600000|  0%| F|  |TAMS 0x000000070c400000| PB 0x000000070c400000| Untracked 
|  84|0x000000070c600000, 0x000000070c600000, 0x000000070c800000|  0%| F|  |TAMS 0x000000070c600000| PB 0x000000070c600000| Untracked 
|  85|0x000000070c800000, 0x000000070c800000, 0x000000070ca00000|  0%| F|  |TAMS 0x000000070c800000| PB 0x000000070c800000| Untracked 
|  86|0x000000070ca00000, 0x000000070ca00000, 0x000000070cc00000|  0%| F|  |TAMS 0x000000070ca00000| PB 0x000000070ca00000| Untracked 
|  87|0x000000070cc00000, 0x000000070cc00000, 0x000000070ce00000|  0%| F|  |TAMS 0x000000070cc00000| PB 0x000000070cc00000| Untracked 
|  88|0x000000070ce00000, 0x000000070ce00000, 0x000000070d000000|  0%| F|  |TAMS 0x000000070ce00000| PB 0x000000070ce00000| Untracked 
|  89|0x000000070d000000, 0x000000070d000000, 0x000000070d200000|  0%| F|  |TAMS 0x000000070d000000| PB 0x000000070d000000| Untracked 
|  90|0x000000070d200000, 0x000000070d200000, 0x000000070d400000|  0%| F|  |TAMS 0x000000070d200000| PB 0x000000070d200000| Untracked 
|  91|0x000000070d400000, 0x000000070d400000, 0x000000070d600000|  0%| F|  |TAMS 0x000000070d400000| PB 0x000000070d400000| Untracked 
|  92|0x000000070d600000, 0x000000070d600000, 0x000000070d800000|  0%| F|  |TAMS 0x000000070d600000| PB 0x000000070d600000| Untracked 
|  93|0x000000070d800000, 0x000000070d800000, 0x000000070da00000|  0%| F|  |TAMS 0x000000070d800000| PB 0x000000070d800000| Untracked 
|  94|0x000000070da00000, 0x000000070da00000, 0x000000070dc00000|  0%| F|  |TAMS 0x000000070da00000| PB 0x000000070da00000| Untracked 
|  95|0x000000070dc00000, 0x000000070ddc9bd0, 0x000000070de00000| 89%| E|  |TAMS 0x000000070dc00000| PB 0x000000070dc00000| Complete 
|  96|0x000000070de00000, 0x000000070e000000, 0x000000070e000000|100%| E|CS|TAMS 0x000000070de00000| PB 0x000000070de00000| Complete 
|  97|0x000000070e000000, 0x000000070e200000, 0x000000070e200000|100%| E|CS|TAMS 0x000000070e000000| PB 0x000000070e000000| Complete 
|  98|0x000000070e200000, 0x000000070e400000, 0x000000070e400000|100%| E|CS|TAMS 0x000000070e200000| PB 0x000000070e200000| Complete 
|  99|0x000000070e400000, 0x000000070e600000, 0x000000070e600000|100%| E|CS|TAMS 0x000000070e400000| PB 0x000000070e400000| Complete 
| 100|0x000000070e600000, 0x000000070e800000, 0x000000070e800000|100%| E|CS|TAMS 0x000000070e600000| PB 0x000000070e600000| Complete 
| 101|0x000000070e800000, 0x000000070ea00000, 0x000000070ea00000|100%| E|CS|TAMS 0x000000070e800000| PB 0x000000070e800000| Complete 
| 102|0x000000070ea00000, 0x000000070ec00000, 0x000000070ec00000|100%| E|CS|TAMS 0x000000070ea00000| PB 0x000000070ea00000| Complete 
| 103|0x000000070ec00000, 0x000000070ee00000, 0x000000070ee00000|100%| E|CS|TAMS 0x000000070ec00000| PB 0x000000070ec00000| Complete 
| 104|0x000000070ee00000, 0x000000070f000000, 0x000000070f000000|100%| E|CS|TAMS 0x000000070ee00000| PB 0x000000070ee00000| Complete 
| 105|0x000000070f000000, 0x000000070f200000, 0x000000070f200000|100%| E|CS|TAMS 0x000000070f000000| PB 0x000000070f000000| Complete 
| 106|0x000000070f200000, 0x000000070f400000, 0x000000070f400000|100%| E|CS|TAMS 0x000000070f200000| PB 0x000000070f200000| Complete 
| 107|0x000000070f400000, 0x000000070f600000, 0x000000070f600000|100%| E|CS|TAMS 0x000000070f400000| PB 0x000000070f400000| Complete 
| 108|0x000000070f600000, 0x000000070f800000, 0x000000070f800000|100%| E|CS|TAMS 0x000000070f600000| PB 0x000000070f600000| Complete 
| 109|0x000000070f800000, 0x000000070fa00000, 0x000000070fa00000|100%| E|CS|TAMS 0x000000070f800000| PB 0x000000070f800000| Complete 
| 110|0x000000070fa00000, 0x000000070fc00000, 0x000000070fc00000|100%| E|CS|TAMS 0x000000070fa00000| PB 0x000000070fa00000| Complete 
| 111|0x000000070fc00000, 0x000000070fe00000, 0x000000070fe00000|100%| E|CS|TAMS 0x000000070fc00000| PB 0x000000070fc00000| Complete 
| 112|0x000000070fe00000, 0x000000070ff545e0, 0x0000000710000000| 66%| S|CS|TAMS 0x000000070fe00000| PB 0x000000070fe00000| Complete 
| 113|0x0000000710000000, 0x0000000710200000, 0x0000000710200000|100%| S|CS|TAMS 0x0000000710000000| PB 0x0000000710000000| Complete 
| 114|0x0000000710200000, 0x0000000710400000, 0x0000000710400000|100%| E|CS|TAMS 0x0000000710200000| PB 0x0000000710200000| Complete 
| 115|0x0000000710400000, 0x0000000710600000, 0x0000000710600000|100%| E|CS|TAMS 0x0000000710400000| PB 0x0000000710400000| Complete 
| 116|0x0000000710600000, 0x0000000710800000, 0x0000000710800000|100%| E|CS|TAMS 0x0000000710600000| PB 0x0000000710600000| Complete 
| 117|0x0000000710800000, 0x0000000710a00000, 0x0000000710a00000|100%| E|CS|TAMS 0x0000000710800000| PB 0x0000000710800000| Complete 
| 118|0x0000000710a00000, 0x0000000710c00000, 0x0000000710c00000|100%| E|CS|TAMS 0x0000000710a00000| PB 0x0000000710a00000| Complete 
| 119|0x0000000710c00000, 0x0000000710e00000, 0x0000000710e00000|100%| E|CS|TAMS 0x0000000710c00000| PB 0x0000000710c00000| Complete 
| 120|0x0000000710e00000, 0x0000000711000000, 0x0000000711000000|100%| E|CS|TAMS 0x0000000710e00000| PB 0x0000000710e00000| Complete 
| 121|0x0000000711000000, 0x0000000711200000, 0x0000000711200000|100%| E|CS|TAMS 0x0000000711000000| PB 0x0000000711000000| Complete 
| 122|0x0000000711200000, 0x0000000711400000, 0x0000000711400000|100%| E|CS|TAMS 0x0000000711200000| PB 0x0000000711200000| Complete 
| 123|0x0000000711400000, 0x0000000711600000, 0x0000000711600000|100%| E|CS|TAMS 0x0000000711400000| PB 0x0000000711400000| Complete 
| 124|0x0000000711600000, 0x0000000711800000, 0x0000000711800000|100%| E|CS|TAMS 0x0000000711600000| PB 0x0000000711600000| Complete 
| 125|0x0000000711800000, 0x0000000711a00000, 0x0000000711a00000|100%| E|CS|TAMS 0x0000000711800000| PB 0x0000000711800000| Complete 
| 126|0x0000000711a00000, 0x0000000711c00000, 0x0000000711c00000|100%| E|CS|TAMS 0x0000000711a00000| PB 0x0000000711a00000| Complete 
| 127|0x0000000711c00000, 0x0000000711e00000, 0x0000000711e00000|100%| E|CS|TAMS 0x0000000711c00000| PB 0x0000000711c00000| Complete 

Card table byte_map: [0x00000205218f0000,0x00000205220f0000] _byte_map_base: 0x000002051e0e1000

Marking Bits: (CMBitMap*) 0x000002050e7a3250
 Bits: [0x00000205220f0000, 0x0000020526078000)

Polling page: 0x000002050df00000

Metaspace:

Usage:
  Non-class:     16.16 MB used.
      Class:      2.22 MB used.
       Both:     18.38 MB used.

Virtual space:
  Non-class space:       64.00 MB reserved,      16.38 MB ( 26%) committed,  1 nodes.
      Class space:        1.00 GB reserved,       2.38 MB ( <1%) committed,  1 nodes.
             Both:        1.06 GB reserved,      18.75 MB (  2%) committed. 

Chunk freelists:
   Non-Class:  15.02 MB
       Class:  13.48 MB
        Both:  28.50 MB

MaxMetaspaceSize: unlimited
CompressedClassSpaceSize: 1.00 GB
Initial GC threshold: 21.00 MB
Current GC threshold: 21.00 MB
CDS: on
 - commit_granule_bytes: 65536.
 - commit_granule_words: 8192.
 - virtual_space_node_default_size: 8388608.
 - enlarge_chunks_in_place: 1.
 - use_allocation_guard: 0.


Internal statistics:

num_allocs_failed_limit: 0.
num_arena_births: 384.
num_arena_deaths: 0.
num_vsnodes_births: 2.
num_vsnodes_deaths: 0.
num_space_committed: 300.
num_space_uncommitted: 0.
num_chunks_returned_to_freelist: 0.
num_chunks_taken_from_freelist: 993.
num_chunk_merges: 0.
num_chunk_splits: 656.
num_chunks_enlarged: 454.
num_inconsistent_stats: 0.

CodeHeap 'non-profiled nmethods': size=120000Kb used=713Kb max_used=713Kb free=119287Kb
 bounds [0x0000020519bc0000, 0x0000020519e30000, 0x00000205210f0000]
CodeHeap 'profiled nmethods': size=120000Kb used=3689Kb max_used=3689Kb free=116310Kb
 bounds [0x00000205120f0000, 0x0000020512490000, 0x0000020519620000]
CodeHeap 'non-nmethods': size=5760Kb used=1490Kb max_used=1490Kb free=4269Kb
 bounds [0x0000020519620000, 0x0000020519890000, 0x0000020519bc0000]
CodeCache: size=245760Kb, used=5892Kb, max_used=5892Kb, free=239866Kb
 total_blobs=2471, nmethods=1884, adapters=491, full_count=0
Compilation: enabled, stopped_count=0, restarted_count=0

Compilation events (20 events):
Event: 1.825 Thread 0x0000020528571280 1859       3       java.lang.invoke.DirectMethodHandle::shouldBeInitialized (117 bytes)
Event: 1.826 Thread 0x0000020528571280 nmethod 1859 0x0000020512485b90 code [0x0000020512485e00, 0x00000205124865d8]
Event: 1.826 Thread 0x0000020528571280 1860       3       java.lang.reflect.Executable::printModifiersIfNonzero (101 bytes)
Event: 1.827 Thread 0x0000020528571280 nmethod 1860 0x0000020512486810 code [0x0000020512486aa0, 0x00000205124872f8]
Event: 1.827 Thread 0x0000020528571280 1861       3       java.lang.invoke.LambdaForm$MH/0x000002052a0ecc00::invoke (45 bytes)
Event: 1.827 Thread 0x0000020528571280 nmethod 1861 0x0000020512487690 code [0x0000020512487880, 0x0000020512487f98]
Event: 1.827 Thread 0x0000020528571280 1862       3       java.lang.invoke.InfoFromMemberName::getName (8 bytes)
Event: 1.828 Thread 0x0000020528571280 nmethod 1862 0x0000020512488190 code [0x0000020512488360, 0x0000020512488738]
Event: 1.828 Thread 0x0000020528571280 1863       3       java.lang.invoke.InfoFromMemberName::getMethodType (8 bytes)
Event: 1.828 Thread 0x0000020528571280 nmethod 1863 0x0000020512488890 code [0x0000020512488a40, 0x0000020512488b90]
Event: 82.775 Thread 0x0000020528571280 1877       3       java.lang.ref.Reference::enqueueFromPending (19 bytes)
Event: 82.775 Thread 0x0000020528571280 nmethod 1877 0x0000020512488c90 code [0x0000020512488e40, 0x0000020512489068]
Event: 82.775 Thread 0x0000020528571280 1878       3       java.lang.ref.ReferenceQueue::enqueue0 (98 bytes)
Event: 82.775 Thread 0x0000020528571280 nmethod 1878 0x0000020512489110 code [0x0000020512489300, 0x0000020512489940]
Event: 82.775 Thread 0x0000020528571280 1879   !   3       java.lang.ref.NativeReferenceQueue::enqueue (20 bytes)
Event: 82.776 Thread 0x0000020528571280 nmethod 1879 0x0000020512489a90 code [0x0000020512489c40, 0x0000020512489eb0]
Event: 82.776 Thread 0x0000020528571280 1880       3       java.lang.ref.NativeReferenceQueue::signal (8 bytes)
Event: 82.776 Thread 0x0000020528571280 nmethod 1880 0x000002051248a010 code [0x000002051248a1c0, 0x000002051248a310]
Event: 120.313 Thread 0x0000020528571280 1884       3       jdk.internal.misc.Unsafe::weakCompareAndSetInt (11 bytes)
Event: 120.313 Thread 0x0000020528571280 nmethod 1884 0x000002051248a410 code [0x000002051248a5a0, 0x000002051248a6c8]

GC Heap History (6 events):
Event: 0.896 GC heap before
{Heap before GC invocations=0 (full 0):
 garbage-first heap   total 262144K, used 10240K [0x0000000701e00000, 0x0000000800000000)
  region size 2048K, 6 young (12288K), 0 survivors (0K)
 Metaspace       used 4300K, committed 4416K, reserved 1114112K
  class space    used 450K, committed 512K, reserved 1048576K
}
Event: 0.902 GC heap after
{Heap after GC invocations=1 (full 0):
 garbage-first heap   total 262144K, used 6520K [0x0000000701e00000, 0x0000000800000000)
  region size 2048K, 1 young (2048K), 1 survivors (2048K)
 Metaspace       used 4300K, committed 4416K, reserved 1114112K
  class space    used 450K, committed 512K, reserved 1048576K
}
Event: 1.309 GC heap before
{Heap before GC invocations=1 (full 0):
 garbage-first heap   total 262144K, used 16760K [0x0000000701e00000, 0x0000000800000000)
  region size 2048K, 6 young (12288K), 1 survivors (2048K)
 Metaspace       used 7412K, committed 7744K, reserved 1114112K
  class space    used 843K, committed 960K, reserved 1048576K
}
Event: 1.312 GC heap after
{Heap after GC invocations=2 (full 0):
 garbage-first heap   total 262144K, used 7816K [0x0000000701e00000, 0x0000000800000000)
  region size 2048K, 1 young (2048K), 1 survivors (2048K)
 Metaspace       used 7412K, committed 7744K, reserved 1114112K
  class space    used 843K, committed 960K, reserved 1048576K
}
Event: 82.770 GC heap before
{Heap before GC invocations=2 (full 0):
 garbage-first heap   total 262144K, used 32392K [0x0000000701e00000, 0x0000000800000000)
  region size 2048K, 14 young (28672K), 1 survivors (2048K)
 Metaspace       used 14354K, committed 14720K, reserved 1114112K
  class space    used 1662K, committed 1792K, reserved 1048576K
}
Event: 82.775 GC heap after
{Heap after GC invocations=3 (full 0):
 garbage-first heap   total 262144K, used 10266K [0x0000000701e00000, 0x0000000800000000)
  region size 2048K, 2 young (4096K), 2 survivors (4096K)
 Metaspace       used 14354K, committed 14720K, reserved 1114112K
  class space    used 1662K, committed 1792K, reserved 1048576K
}

Dll operation events (7 events):
Event: 0.014 Loaded shared library C:\Users\user\Downloads\eclipse-java-2026-03-R-win32-x86_64\eclipse\plugins\org.eclipse.justj.openjdk.hotspot.jre.full.win32.x86_64_21.0.10.v20260205-0638\jre\bin\java.dll
Event: 0.057 Loaded shared library C:\Users\user\Downloads\eclipse-java-2026-03-R-win32-x86_64\eclipse\plugins\org.eclipse.justj.openjdk.hotspot.jre.full.win32.x86_64_21.0.10.v20260205-0638\jre\bin\zip.dll
Event: 0.308 Loaded shared library C:\Users\user\Downloads\eclipse-java-2026-03-R-win32-x86_64\eclipse\plugins\org.eclipse.justj.openjdk.hotspot.jre.full.win32.x86_64_21.0.10.v20260205-0638\jre\bin\net.dll
Event: 0.311 Loaded shared library C:\Users\user\Downloads\eclipse-java-2026-03-R-win32-x86_64\eclipse\plugins\org.eclipse.justj.openjdk.hotspot.jre.full.win32.x86_64_21.0.10.v20260205-0638\jre\bin\nio.dll
Event: 0.321 Loaded shared library C:\Users\user\Downloads\eclipse-java-2026-03-R-win32-x86_64\eclipse\plugins\org.eclipse.justj.openjdk.hotspot.jre.full.win32.x86_64_21.0.10.v20260205-0638\jre\bin\zip.dll
Event: 0.472 Loaded shared library C:\Users\user\Downloads\eclipse-java-2026-03-R-win32-x86_64\eclipse\plugins\org.eclipse.justj.openjdk.hotspot.jre.full.win32.x86_64_21.0.10.v20260205-0638\jre\bin\jimage.dll
Event: 0.789 Loaded shared library C:\Users\user\Downloads\eclipse-java-2026-03-R-win32-x86_64\eclipse\plugins\org.eclipse.justj.openjdk.hotspot.jre.full.win32.x86_64_21.0.10.v20260205-0638\jre\bin\extnet.dll

Deoptimization events (20 events):
Event: 1.778 Thread 0x000002050e739d30 DEOPT PACKING pc=0x000002051230de8c sp=0x0000000c1fbfdd80
Event: 1.778 Thread 0x000002050e739d30 DEOPT UNPACKING pc=0x0000020519674bc2 sp=0x0000000c1fbfd258 mode 1
Event: 1.778 Thread 0x000002050e739d30 DEOPT PACKING pc=0x00000205121f8879 sp=0x0000000c1fbfd380
Event: 1.778 Thread 0x000002050e739d30 DEOPT UNPACKING pc=0x0000020519674bc2 sp=0x0000000c1fbfc7d8 mode 1
Event: 1.778 Thread 0x000002050e739d30 DEOPT PACKING pc=0x00000205121f81e4 sp=0x0000000c1fbfd410
Event: 1.778 Thread 0x000002050e739d30 DEOPT UNPACKING pc=0x0000020519674bc2 sp=0x0000000c1fbfc8b8 mode 1
Event: 1.778 Thread 0x000002050e739d30 DEOPT PACKING pc=0x000002051230e36c sp=0x0000000c1fbfde50
Event: 1.778 Thread 0x000002050e739d30 DEOPT UNPACKING pc=0x0000020519674bc2 sp=0x0000000c1fbfd318 mode 1
Event: 1.778 Thread 0x000002050e739d30 DEOPT PACKING pc=0x000002051230de8c sp=0x0000000c1fbfdee0
Event: 1.778 Thread 0x000002050e739d30 DEOPT UNPACKING pc=0x0000020519674bc2 sp=0x0000000c1fbfd3b8 mode 1
Event: 1.778 Thread 0x000002050e739d30 DEOPT PACKING pc=0x00000205121f8879 sp=0x0000000c1fbfd310
Event: 1.778 Thread 0x000002050e739d30 DEOPT UNPACKING pc=0x0000020519674bc2 sp=0x0000000c1fbfc768 mode 1
Event: 1.778 Thread 0x000002050e739d30 DEOPT PACKING pc=0x00000205121f81e4 sp=0x0000000c1fbfd3a0
Event: 1.778 Thread 0x000002050e739d30 DEOPT UNPACKING pc=0x0000020519674bc2 sp=0x0000000c1fbfc848 mode 1
Event: 1.778 Thread 0x000002050e739d30 DEOPT PACKING pc=0x000002051230e36c sp=0x0000000c1fbfdde0
Event: 1.778 Thread 0x000002050e739d30 DEOPT UNPACKING pc=0x0000020519674bc2 sp=0x0000000c1fbfd2a8 mode 1
Event: 1.778 Thread 0x000002050e739d30 DEOPT PACKING pc=0x000002051230de8c sp=0x0000000c1fbfde70
Event: 1.778 Thread 0x000002050e739d30 DEOPT UNPACKING pc=0x0000020519674bc2 sp=0x0000000c1fbfd348 mode 1
Event: 315.498 Thread 0x000002050e739d30 DEOPT PACKING pc=0x0000020512386054 sp=0x0000000c1fbfe120
Event: 315.498 Thread 0x000002050e739d30 DEOPT UNPACKING pc=0x0000020519674bc2 sp=0x0000000c1fbfd5d8 mode 0

Classes loaded (20 events):
Event: 85.286 Loading class java/lang/AbstractMethodError
Event: 85.286 Loading class java/lang/AbstractMethodError done
Event: 85.310 Loading class java/lang/ThreadDeath
Event: 85.310 Loading class java/lang/ThreadDeath done
Event: 85.329 Loading class org/w3c/dom/ProcessingInstruction
Event: 85.329 Loading class org/w3c/dom/ProcessingInstruction done
Event: 85.331 Loading class org/w3c/dom/Comment
Event: 85.331 Loading class org/w3c/dom/Comment done
Event: 85.348 Loading class org/w3c/dom/DocumentFragment
Event: 85.348 Loading class org/w3c/dom/DocumentFragment done
Event: 86.015 Loading class java/util/ConcurrentModificationException
Event: 86.015 Loading class java/util/ConcurrentModificationException done
Event: 86.713 Loading class java/util/TreeMap$AscendingSubMap
Event: 86.713 Loading class java/util/TreeMap$NavigableSubMap
Event: 86.714 Loading class java/util/TreeMap$NavigableSubMap done
Event: 86.714 Loading class java/util/TreeMap$AscendingSubMap done
Event: 86.714 Loading class java/util/TreeMap$NavigableSubMap$SubMapKeyIterator
Event: 86.714 Loading class java/util/TreeMap$NavigableSubMap$SubMapIterator
Event: 86.714 Loading class java/util/TreeMap$NavigableSubMap$SubMapIterator done
Event: 86.714 Loading class java/util/TreeMap$NavigableSubMap$SubMapKeyIterator done

Classes unloaded (0 events):
No events

Classes redefined (1 events):
Event: 315.518 Thread 0x0000020528540140 redefined class name=webutil.ExcelDataSuplier, count=1

Internal exceptions (20 events):
Event: 71.897 Thread 0x000002050e739d30 Exception <a 'java/lang/NoSuchMethodError'{0x0000000710b3f348}: 'void java.lang.invoke.DirectMethodHandle$Holder.invokeStatic(java.lang.Object, java.lang.Object, java.lang.Object)'> (0x0000000710b3f348) 
thrown [s\src\hotspot\share\interpreter\linkResolver.cpp, line 773]
Event: 72.089 Thread 0x000002050e739d30 Exception <a 'java/lang/NoSuchMethodError'{0x0000000710b5d258}: 'java.lang.Object java.lang.invoke.DirectMethodHandle$Holder.invokeStatic(java.lang.Object, java.lang.Object, int)'> (0x0000000710b5d258) 
thrown [s\src\hotspot\share\interpreter\linkResolver.cpp, line 773]
Event: 72.168 Thread 0x000002050e739d30 Exception <a 'java/lang/NoSuchMethodError'{0x0000000710b67fa8}: 'void java.lang.invoke.DelegatingMethodHandle$Holder.delegate(java.lang.Object, java.lang.Object, int, java.lang.Object)'> (0x0000000710b67fa8) 
thrown [s\src\hotspot\share\interpreter\linkResolver.cpp, line 773]
Event: 72.739 Thread 0x000002050e739d30 Exception <a 'java/lang/IncompatibleClassChangeError'{0x0000000710bac528}: Found class java.lang.Object, but interface was expected> (0x0000000710bac528) 
thrown [s\src\hotspot\share\interpreter\linkResolver.cpp, line 840]
Event: 76.483 Thread 0x000002050e739d30 Exception <a 'java/lang/NoSuchMethodError'{0x00000007109f1060}: 'void java.lang.invoke.DirectMethodHandle$Holder.invokeStaticInit(java.lang.Object)'> (0x00000007109f1060) 
thrown [s\src\hotspot\share\interpreter\linkResolver.cpp, line 773]
Event: 77.125 Thread 0x000002050e739d30 Exception <a 'java/lang/NoSuchMethodError'{0x00000007106628a8}: 'int java.lang.invoke.DirectMethodHandle$Holder.invokeSpecial(java.lang.Object, java.lang.Object, int)'> (0x00000007106628a8) 
thrown [s\src\hotspot\share\interpreter\linkResolver.cpp, line 773]
Event: 80.392 Thread 0x000002050e739d30 Exception <a 'java/lang/NoSuchMethodError'{0x0000000710484f50}: 'long java.lang.invoke.DirectMethodHandle$Holder.invokeVirtual(java.lang.Object, java.lang.Object)'> (0x0000000710484f50) 
thrown [s\src\hotspot\share\interpreter\linkResolver.cpp, line 773]
Event: 80.469 Thread 0x000002050e739d30 Exception <a 'java/lang/NoSuchMethodError'{0x000000071048fff0}: 'int java.lang.invoke.DirectMethodHandle$Holder.invokeSpecialIFC(java.lang.Object, java.lang.Object, java.lang.Object, java.lang.Object, java.lang.Object)'> (0x000000071048fff0) 
thrown [s\src\hotspot\share\interpreter\linkResolver.cpp, line 773]
Event: 81.138 Thread 0x000002050e739d30 Exception <a 'java/lang/NoSuchMethodError'{0x00000007104ff9e0}: 'void java.lang.invoke.DirectMethodHandle$Holder.invokeVirtual(java.lang.Object, java.lang.Object, java.lang.Object, int)'> (0x00000007104ff9e0) 
thrown [s\src\hotspot\share\interpreter\linkResolver.cpp, line 773]
Event: 81.203 Thread 0x000002050e739d30 Exception <a 'java/lang/NoSuchMethodError'{0x0000000710507a00}: 'void java.lang.invoke.DirectMethodHandle$Holder.invokeVirtual(java.lang.Object, java.lang.Object, java.lang.Object, java.lang.Object)'> (0x0000000710507a00) 
thrown [s\src\hotspot\share\interpreter\linkResolver.cpp, line 773]
Event: 81.585 Thread 0x000002050e739d30 Exception <a 'java/lang/NoSuchMethodError'{0x0000000710536f88}: 'void java.lang.invoke.DirectMethodHandle$Holder.invokeStatic(java.lang.Object, java.lang.Object, java.lang.Object, int)'> (0x0000000710536f88) 
thrown [s\src\hotspot\share\interpreter\linkResolver.cpp, line 773]
Event: 81.609 Thread 0x000002050e739d30 Exception <a 'java/lang/NoSuchMethodError'{0x000000071053a498}: 'void java.lang.invoke.DirectMethodHandle$Holder.invokeStaticInit(java.lang.Object, java.lang.Object, java.lang.Object, int)'> (0x000000071053a498) 
thrown [s\src\hotspot\share\interpreter\linkResolver.cpp, line 773]
Event: 82.299 Thread 0x000002050e739d30 Exception <a 'java/lang/NoSuchMethodError'{0x00000007105bbe50}: 'void java.lang.invoke.DirectMethodHandle$Holder.invokeInterface(java.lang.Object, java.lang.Object, java.lang.Object)'> (0x00000007105bbe50) 
thrown [s\src\hotspot\share\interpreter\linkResolver.cpp, line 773]
Event: 82.693 Thread 0x000002050e739d30 Exception <a 'java/lang/NoSuchMethodError'{0x000000071037be70}: 'java.lang.Object java.lang.invoke.DirectMethodHandle$Holder.invokeStaticInit(java.lang.Object, java.lang.Object, java.lang.Object)'> (0x000000071037be70) 
thrown [s\src\hotspot\share\interpreter\linkResolver.cpp, line 773]
Event: 82.697 Thread 0x000002050e739d30 Exception <a 'java/lang/NoSuchMethodError'{0x0000000710381d00}: 'java.lang.Object java.lang.invoke.DirectMethodHandle$Holder.invokeStatic(java.lang.Object, java.lang.Object, int, int)'> (0x0000000710381d00) 
thrown [s\src\hotspot\share\interpreter\linkResolver.cpp, line 773]
Event: 82.699 Thread 0x000002050e739d30 Exception <a 'java/lang/NoSuchMethodError'{0x0000000710385520}: 'java.lang.Object java.lang.invoke.DirectMethodHandle$Holder.invokeStaticInit(java.lang.Object, java.lang.Object, int, int)'> (0x0000000710385520) 
thrown [s\src\hotspot\share\interpreter\linkResolver.cpp, line 773]
Event: 83.691 Thread 0x000002050e739d30 Exception <a 'java/lang/NoSuchMethodError'{0x000000071143fe58}: 'java.lang.Object java.lang.invoke.DirectMethodHandle$Holder.newInvokeSpecial(java.lang.Object, java.lang.Object, int, java.lang.Object)'> (0x000000071143fe58) 
thrown [s\src\hotspot\share\interpreter\linkResolver.cpp, line 773]
Event: 83.704 Thread 0x000002050e739d30 Exception <a 'java/lang/NoSuchMethodError'{0x000000071147c728}: 'void java.lang.invoke.DirectMethodHandle$Holder.invokeSpecial(java.lang.Object, java.lang.Object, java.lang.Object, java.lang.Object, java.lang.Object)'> (0x000000071147c728) 
thrown [s\src\hotspot\share\interpreter\linkResolver.cpp, line 773]
Event: 86.359 Thread 0x000002050e739d30 Exception <a 'java/lang/NoSuchMethodError'{0x000000070de53b38}: 'java.lang.Object java.lang.invoke.DirectMethodHandle$Holder.invokeVirtual(java.lang.Object, java.lang.Object, int)'> (0x000000070de53b38) 
thrown [s\src\hotspot\share\interpreter\linkResolver.cpp, line 773]
Event: 86.363 Thread 0x000002050e739d30 Exception <a 'java/lang/NoSuchMethodError'{0x000000070de5a598}: 'void java.lang.invoke.DirectMethodHandle$Holder.invokeVirtual(java.lang.Object, java.lang.Object, int, java.lang.Object)'> (0x000000070de5a598) 
thrown [s\src\hotspot\share\interpreter\linkResolver.cpp, line 773]

ZGC Phase Switch (0 events):
No events

VM Operations (20 events):
Event: 222.231 Executing safepoint VM operation: get/set locals
Event: 222.231 Executing safepoint VM operation: get/set locals done
Event: 222.231 Executing safepoint VM operation: get/set locals
Event: 222.231 Executing safepoint VM operation: get/set locals done
Event: 222.232 Executing safepoint VM operation: get/set locals
Event: 222.232 Executing safepoint VM operation: get/set locals done
Event: 222.232 Executing safepoint VM operation: get/set locals
Event: 222.232 Executing safepoint VM operation: get/set locals done
Event: 222.233 Executing safepoint VM operation: get/set locals
Event: 222.233 Executing safepoint VM operation: get/set locals done
Event: 222.233 Executing safepoint VM operation: get/set locals
Event: 222.233 Executing safepoint VM operation: get/set locals done
Event: 315.498 Executing safepoint VM operation: ChangeSingleStep
Event: 315.498 Executing safepoint VM operation: ChangeSingleStep done
Event: 315.498 Executing safepoint VM operation: ChangeSingleStep
Event: 315.498 Executing safepoint VM operation: ChangeSingleStep done
Event: 315.514 Executing safepoint VM operation: RedefineClasses
Event: 315.527 Executing safepoint VM operation: RedefineClasses done
Event: 315.598 Executing safepoint VM operation: ChangeSingleStep
Event: 315.598 Executing safepoint VM operation: ChangeSingleStep done

Memory protections (0 events):
No events

Nmethod flushes (0 events):
No events

Events (17 events):
Event: 0.037 Thread 0x000002050e739d30 Thread added: 0x000002050e739d30
Event: 0.059 Thread 0x000002050e739d30 Thread added: 0x000002052855cfa0
Event: 0.059 Thread 0x000002050e739d30 Thread added: 0x000002052855e2a0
Event: 0.060 Thread 0x000002050e739d30 Thread added: 0x00000205285624c0
Event: 0.060 Thread 0x000002050e739d30 Thread added: 0x00000205285631a0
Event: 0.060 Thread 0x000002050e739d30 Thread added: 0x00000205285643a0
Event: 0.060 Thread 0x000002050e739d30 Thread added: 0x00000205285675b0
Event: 0.060 Thread 0x000002050e739d30 Thread added: 0x000002052856bfe0
Event: 0.060 Thread 0x000002050e739d30 Thread added: 0x0000020528571280
Event: 0.274 Thread 0x000002050e739d30 Thread added: 0x00000205286d60b0
Event: 0.274 Thread 0x000002050e739d30 Thread added: 0x00000205286dab70
Event: 0.275 Thread 0x00000205286d60b0 Thread added: 0x00000205286dd200
Event: 0.296 Thread 0x000002050e739d30 Thread added: 0x00000205286e00c0
Event: 0.301 Thread 0x000002050e739d30 Thread added: 0x00000205286e8f10
Event: 0.514 Thread 0x0000020528571280 Thread added: 0x0000020528964260
Event: 0.803 Thread 0x000002050e739d30 Thread added: 0x000002056e395170
Event: 6.840 Thread 0x0000020528964260 Thread exited: 0x0000020528964260


Dynamic libraries:
0x00007ff713910000 - 0x00007ff71391e000 	C:\Users\user\Downloads\eclipse-java-2026-03-R-win32-x86_64\eclipse\plugins\org.eclipse.justj.openjdk.hotspot.jre.full.win32.x86_64_21.0.10.v20260205-0638\jre\bin\javaw.exe
0x00007ff95b930000 - 0x00007ff95bb28000 	C:\WINDOWS\SYSTEM32\ntdll.dll
0x00007ff95a410000 - 0x00007ff95a4d2000 	C:\WINDOWS\System32\KERNEL32.DLL
0x00007ff958f00000 - 0x00007ff9591f6000 	C:\WINDOWS\System32\KERNELBASE.dll
0x00007ff959500000 - 0x00007ff959600000 	C:\WINDOWS\System32\ucrtbase.dll
0x00007ff953f10000 - 0x00007ff953f2e000 	C:\Users\user\Downloads\eclipse-java-2026-03-R-win32-x86_64\eclipse\plugins\org.eclipse.justj.openjdk.hotspot.jre.full.win32.x86_64_21.0.10.v20260205-0638\jre\bin\VCRUNTIME140.dll
0x00007ff953ef0000 - 0x00007ff953f08000 	C:\Users\user\Downloads\eclipse-java-2026-03-R-win32-x86_64\eclipse\plugins\org.eclipse.justj.openjdk.hotspot.jre.full.win32.x86_64_21.0.10.v20260205-0638\jre\bin\jli.dll
0x00007ff959990000 - 0x00007ff959b31000 	C:\WINDOWS\System32\USER32.dll
0x00007ff958b80000 - 0x00007ff958ba2000 	C:\WINDOWS\System32\win32u.dll
0x00007ff959960000 - 0x00007ff95998b000 	C:\WINDOWS\System32\GDI32.dll
0x00007ff94e440000 - 0x00007ff94e6db000 	C:\WINDOWS\WinSxS\amd64_microsoft.windows.common-controls_6595b64144ccf1df_6.0.19041.6456_none_60b8a6cb71f64256\COMCTL32.dll
0x00007ff9593e0000 - 0x00007ff9594f9000 	C:\WINDOWS\System32\gdi32full.dll
0x00007ff9598c0000 - 0x00007ff95995e000 	C:\WINDOWS\System32\msvcrt.dll
0x00007ff958ae0000 - 0x00007ff958b7d000 	C:\WINDOWS\System32\msvcp_win.dll
0x00007ff95b6b0000 - 0x00007ff95b6df000 	C:\WINDOWS\System32\IMM32.DLL
0x00007ff953ea0000 - 0x00007ff953eac000 	C:\Users\user\Downloads\eclipse-java-2026-03-R-win32-x86_64\eclipse\plugins\org.eclipse.justj.openjdk.hotspot.jre.full.win32.x86_64_21.0.10.v20260205-0638\jre\bin\vcruntime140_1.dll
0x00007ff9310d0000 - 0x00007ff93115d000 	C:\Users\user\Downloads\eclipse-java-2026-03-R-win32-x86_64\eclipse\plugins\org.eclipse.justj.openjdk.hotspot.jre.full.win32.x86_64_21.0.10.v20260205-0638\jre\bin\msvcp140.dll
0x00007ff8e8190000 - 0x00007ff8e8f31000 	C:\Users\user\Downloads\eclipse-java-2026-03-R-win32-x86_64\eclipse\plugins\org.eclipse.justj.openjdk.hotspot.jre.full.win32.x86_64_21.0.10.v20260205-0638\jre\bin\server\jvm.dll
0x00007ff95a0d0000 - 0x00007ff95a181000 	C:\WINDOWS\System32\ADVAPI32.dll
0x00007ff959b40000 - 0x00007ff959bdf000 	C:\WINDOWS\System32\sechost.dll
0x00007ff95b6e0000 - 0x00007ff95b800000 	C:\WINDOWS\System32\RPCRT4.dll
0x00007ff959600000 - 0x00007ff959627000 	C:\WINDOWS\System32\bcrypt.dll
0x00007ff95a370000 - 0x00007ff95a3db000 	C:\WINDOWS\System32\WS2_32.dll
0x00007ff95af10000 - 0x00007ff95af1a000 	C:\WINDOWS\System32\VERSION.dll
0x00007ff958020000 - 0x00007ff95806b000 	C:\WINDOWS\SYSTEM32\POWRPROF.dll
0x00007ff94e7a0000 - 0x00007ff94e7c7000 	C:\WINDOWS\SYSTEM32\WINMM.dll
0x00007ff958000000 - 0x00007ff958012000 	C:\WINDOWS\SYSTEM32\UMPDC.dll
0x00007ff956840000 - 0x00007ff956852000 	C:\WINDOWS\SYSTEM32\kernel.appcore.dll
0x00007ff954400000 - 0x00007ff95440a000 	C:\Users\user\Downloads\eclipse-java-2026-03-R-win32-x86_64\eclipse\plugins\org.eclipse.justj.openjdk.hotspot.jre.full.win32.x86_64_21.0.10.v20260205-0638\jre\bin\jimage.dll
0x00007ff9435b0000 - 0x00007ff9437b1000 	C:\WINDOWS\SYSTEM32\DBGHELP.DLL
0x00007ff940770000 - 0x00007ff9407a4000 	C:\WINDOWS\SYSTEM32\dbgcore.DLL
0x00007ff958a50000 - 0x00007ff958ad2000 	C:\WINDOWS\System32\bcryptPrimitives.dll
0x00007ff9402b0000 - 0x00007ff9402ec000 	C:\Users\user\Downloads\eclipse-java-2026-03-R-win32-x86_64\eclipse\plugins\org.eclipse.justj.openjdk.hotspot.jre.full.win32.x86_64_21.0.10.v20260205-0638\jre\bin\jdwp.dll
0x00007ff946900000 - 0x00007ff946920000 	C:\Users\user\Downloads\eclipse-java-2026-03-R-win32-x86_64\eclipse\plugins\org.eclipse.justj.openjdk.hotspot.jre.full.win32.x86_64_21.0.10.v20260205-0638\jre\bin\java.dll
0x00007ff95af40000 - 0x00007ff95b6b0000 	C:\WINDOWS\System32\SHELL32.dll
0x00007ff9581f0000 - 0x00007ff958995000 	C:\WINDOWS\System32\windows.storage.dll
0x00007ff959be0000 - 0x00007ff959f34000 	C:\WINDOWS\System32\combase.dll
0x00007ff9581c0000 - 0x00007ff9581eb000 	C:\WINDOWS\System32\Wldp.dll
0x00007ff95a000000 - 0x00007ff95a0cd000 	C:\WINDOWS\System32\OLEAUT32.dll
0x00007ff95a2c0000 - 0x00007ff95a36d000 	C:\WINDOWS\System32\SHCORE.dll
0x00007ff959f40000 - 0x00007ff959f9b000 	C:\WINDOWS\System32\shlwapi.dll
0x00007ff9580f0000 - 0x00007ff958114000 	C:\WINDOWS\SYSTEM32\profapi.dll
0x00007ff9409a0000 - 0x00007ff9409b8000 	C:\Users\user\Downloads\eclipse-java-2026-03-R-win32-x86_64\eclipse\plugins\org.eclipse.justj.openjdk.hotspot.jre.full.win32.x86_64_21.0.10.v20260205-0638\jre\bin\zip.dll
0x00007ff948a40000 - 0x00007ff948a4c000 	C:\Users\user\Downloads\eclipse-java-2026-03-R-win32-x86_64\eclipse\plugins\org.eclipse.justj.openjdk.hotspot.jre.full.win32.x86_64_21.0.10.v20260205-0638\jre\bin\dt_socket.dll
0x00007ff957590000 - 0x00007ff9575cb000 	C:\WINDOWS\SYSTEM32\IPHLPAPI.DLL
0x00007ff9578a0000 - 0x00007ff95790a000 	C:\WINDOWS\system32\mswsock.dll
0x00007ff9575d0000 - 0x00007ff95769a000 	C:\WINDOWS\SYSTEM32\DNSAPI.dll
0x00007ff95b8d0000 - 0x00007ff95b8d8000 	C:\WINDOWS\System32\NSI.dll
0x00007ff94f2b0000 - 0x00007ff94f2ba000 	C:\Windows\System32\rasadhlp.dll
0x00007ff94f330000 - 0x00007ff94f3b0000 	C:\WINDOWS\System32\fwpuclnt.dll
0x00007ff954260000 - 0x00007ff954270000 	C:\Users\user\Downloads\eclipse-java-2026-03-R-win32-x86_64\eclipse\plugins\org.eclipse.justj.openjdk.hotspot.jre.full.win32.x86_64_21.0.10.v20260205-0638\jre\bin\net.dll
0x00007ff951b90000 - 0x00007ff951c9a000 	C:\WINDOWS\SYSTEM32\WINHTTP.dll
0x00007ff940380000 - 0x00007ff940396000 	C:\Users\user\Downloads\eclipse-java-2026-03-R-win32-x86_64\eclipse\plugins\org.eclipse.justj.openjdk.hotspot.jre.full.win32.x86_64_21.0.10.v20260205-0638\jre\bin\nio.dll
0x00007ff9402f0000 - 0x00007ff9402f9000 	C:\Users\user\Downloads\eclipse-java-2026-03-R-win32-x86_64\eclipse\plugins\org.eclipse.justj.openjdk.hotspot.jre.full.win32.x86_64_21.0.10.v20260205-0638\jre\bin\extnet.dll
0x00007ff957aa0000 - 0x00007ff957ab8000 	C:\WINDOWS\SYSTEM32\CRYPTSP.dll
0x00007ff9571d0000 - 0x00007ff957208000 	C:\WINDOWS\system32\rsaenh.dll
0x00007ff9580b0000 - 0x00007ff9580de000 	C:\WINDOWS\SYSTEM32\USERENV.dll
0x00007ff957a90000 - 0x00007ff957a9c000 	C:\WINDOWS\SYSTEM32\CRYPTBASE.dll

JVMTI agents:
jdwp path:C:\Users\user\Downloads\eclipse-java-2026-03-R-win32-x86_64\eclipse\plugins\org.eclipse.justj.openjdk.hotspot.jre.full.win32.x86_64_21.0.10.v20260205-0638\jre\bin\jdwp.dll, loaded, initialized, options:transport=dt_socket,suspend=y,address=localhost:57019

dbghelp: loaded successfully - version: 4.0.5 - missing functions: none
symbol engine: initialized successfully - sym options: 0x614 - pdb path: .;C:\Users\user\Downloads\eclipse-java-2026-03-R-win32-x86_64\eclipse\plugins\org.eclipse.justj.openjdk.hotspot.jre.full.win32.x86_64_21.0.10.v20260205-0638\jre\bin;C:\WINDOWS\SYSTEM32;C:\WINDOWS\WinSxS\amd64_microsoft.windows.common-controls_6595b64144ccf1df_6.0.19041.6456_none_60b8a6cb71f64256;C:\Users\user\Downloads\eclipse-java-2026-03-R-win32-x86_64\eclipse\plugins\org.eclipse.justj.openjdk.hotspot.jre.full.win32.x86_64_21.0.10.v20260205-0638\jre\bin\server

VM Arguments:
jvm_args: -XX:+ShowCodeDetailsInExceptionMessages -agentlib:jdwp=transport=dt_socket,suspend=y,address=localhost:57019 -ea -Dfile.encoding=UTF-8 -Dstdout.encoding=UTF-8 -Dstderr.encoding=UTF-8 
java_command: org.testng.remote.RemoteTestNG -serport 57018 -protocol json -d D:\project_iCaffe\project_iCaffe\test-output C:\Users\user\AppData\Local\Temp\testng-eclipse--1553951589\testng-customsuite.xml
java_class_path (initial): C:\Users\user\Downloads\eclipse-java-2026-03-R-win32-x86_64\eclipse\configuration\org.eclipse.osgi\536\0\.cp\lib\testng-remote.jar;D:\project_iCaffe\project_iCaffe\target\test-classes;D:\project_iCaffe\project_iCaffe\target\classes;C:\Users\user\Downloads\eclipse-java-2026-03-R-win32-x86_64\eclipse\plugins\org.testng_7.11.0.r202503091654.jar;C:\Users\user\Downloads\eclipse-java-2026-03-R-win32-x86_64\eclipse\plugins\com.beust.jcommander_1.83.0.jar;C:\Users\user\Downloads\eclipse-java-2026-03-R-win32-x86_64\eclipse\plugins\slf4j.api_2.0.17.jar;C:\Users\user\Downloads\eclipse-java-2026-03-R-win32-x86_64\eclipse\plugins\org.yaml.snakeyaml_2.2.0.jar;C:\Users\user\Downloads\eclipse-java-2026-03-R-win32-x86_64\eclipse\plugins\org.webjars.jquery_3.7.1.jar;C:\Users\user\.m2\repository\org\seleniumhq\selenium\selenium-java\4.35.0\selenium-java-4.35.0.jar;C:\Users\user\.m2\repository\org\seleniumhq\selenium\selenium-api\4.35.0\selenium-api-4.35.0.jar;C:\Users\user\.m2\repository\org\jspecify\jspecify\1.0.0\jspecify-1.0.0.jar;C:\Users\user\.m2\repository\org\seleniumhq\selenium\selenium-chrome-driver\4.35.0\selenium-chrome-driver-4.35.0.jar;C:\Users\user\.m2\repository\com\google\auto\service\auto-service-annotations\1.1.1\auto-service-annotations-1.1.1.jar;C:\Users\user\.m2\repository\org\seleniumhq\selenium\selenium-chromium-driver\4.35.0\selenium-chromium-driver-4.35.0.jar;C:\Users\user\.m2\repository\org\seleniumhq\selenium\selenium-json\4.35.0\selenium-json-4.35.0.jar;C:\Users\user\.m2\repository\org\seleniumhq\selenium\selenium-manager\4.35.0\selenium-manager-4.35.0.jar;C:\Users\user\.m2\repository\org\seleniumhq\selenium\selenium-devtools-v137\4.35.0\selenium-devtools-v137-4.35.0.jar;C:\Users\user\.m2\repository\org\seleniumhq\selenium\selenium-devtools-v138\4.35.0\selenium-devtools-v138-4.35.0.jar;C:\Users\user\.m2\repository\org\seleniumhq\selenium\selenium-devtools-v139\4.35.0\selenium-devtools-v139-4.35.0.jar;C:\Users\user\.m2\repository\org\seleniumhq\selenium\selenium-edge-driver\4.35.0\selenium-edge-driver-4.35.0.jar;C:\Users\user\.m2\repository\org\seleniumhq\selenium\selenium-firefox-driver\4.35.0\selenium-firefox-driver-4.35.0.jar;C:\Users\user\.m2\repository\org\seleniumhq\selenium\selenium-http\4.35.0\selenium-http-4.35.0.jar;C:\Users\user\.m2\repository\org\seleniumhq\selenium\selenium-ie-driver\4.35.0\selenium-ie-driver-4.35.0.jar;C:\Users\user\.m2\repository\org\seleniumhq\selenium\selenium-remote-driver\4.35.0\selenium-remote-driver-4.35.0.jar;C:\Users\user\.m2\repository\com\google\guava\guava\33.4.8-jre\guava-33.4.8-jre.jar;C:\Users\user\.m2\repository\com\google\guava\failureaccess\1.0.3\failureaccess-1.0.3.jar;C:\Users\user\.m2\repository\com\google\guava\listenablefuture\9999.0-empty-to-avoid-conflict-with-guava\listenablefuture-9999.0-empty-to-avoid-conflict-with-guava.jar;C:\Users\user\.m2\repository\com\google\errorprone\error_prone_annotations\2.36.0\error_prone_annotations-2.36.0.jar;C:\Users\user\.m2\repository\com\google\j2objc\j2objc-annotations\3.0.0\j2objc-annotations-3.0.0.jar;C:\Users\user\.m2\repository\io\opentelemetry\opentelemetry-api\1.53.0\opentelemetry-api-1.53.0.jar;C:\Users\user\.m2\repository\io\opentelemetry\opentelemetry-context\1.53.0\opentelemetry-context-1.53.0.jar;C:\Users\user\.m2\repository\io\opentelemetry\opentelemetry-common\1.53.0\opentelemetry-common-1.53.0.jar;C:\Users\user\.m2\repository\io\opentelemetry\opentelemetry-exporter-logging\1.53.0\opentelemetry-exporter-logging-1.53.0.jar;C:\Users\user\.m2\repository\io\opentelemetry\opentelemetry-sdk-common\1.53.0\opentelemetry-sdk-common-1.53.0.jar;C:\Users\user\.m2\repository\io\opentelemetry\opentelemetry-sdk-extension-autoconfigure-spi\1.53.0\opentelemetry-sdk-extension-autoconfigure-spi-1.53.0.jar;C:\Users\user\.m2\repository\io\opentelemetry\opentelemetry-sdk-extension-autoconfigure\1.53.0\opentelemetry-sdk-extension-autoconfigure-1.53.0.jar;C:\Users\user\.m2\repository\io\opentelemetry\opentelemetry-sdk-trace\1.53.0\opentelemetry-sdk-trace-1.53.0.jar;C:\Users\user\.m2\repository\io\opentelemetry\opentelemetry-sdk\1.53.0\opentelemetry-sdk-1.53.0.jar;C:\Users\user\.m2\repository\io\opentelemetry\opentelemetry-sdk-metrics\1.53.0\opentelemetry-sdk-metrics-1.53.0.jar;C:\Users\user\.m2\repository\io\opentelemetry\opentelemetry-sdk-logs\1.53.0\opentelemetry-sdk-logs-1.53.0.jar;C:\Users\user\.m2\repository\net\bytebuddy\byte-buddy\1.17.6\byte-buddy-1.17.6.jar;C:\Users\user\.m2\repository\org\seleniumhq\selenium\selenium-os\4.35.0\selenium-os-4.35.0.jar;C:\Users\user\.m2\repository\org\apache\commons\commons-exec\1.5.0\commons-exec-1.5.0.jar;C:\Users\user\.m2\repository\org\seleniumhq\selenium\selenium-safari-driver\4.35.0\selenium-safari-driver-4.35.0.jar;C:\Users\user\.m2\repository\org\seleniumhq\selenium\selenium-support\4.35.0\selenium-support-4.35.0.jar;C:\Users\user\.m2\repository\org\testng\testng\7.11.0\testng-7.11.0.jar;C:\Users\user\.m2\repository\org\slf4j\slf4j-api\2.0.16\slf4j-api-2.0.16.jar;C:\Users\user\.m2\repository\org\jcommander\jcommander\1.83\jcommander-1.83.jar;C:\Users\user\.m2\repository\org\webjars\jquery\3.7.1\jquery-3.7.1.jar;C:\Users\user\.m2\repository\com\aventstack\extentreports\5.1.2\extentreports-5.1.2.jar;C:\Users\user\.m2\repository\io\reactivex\rxjava3\rxjava\3.1.6\rxjava-3.1.6.jar;C:\Users\user\.m2\repository\org\reactivestreams\reactive-streams\1.0.4\reactive-streams-1.0.4.jar;C:\Users\user\.m2\repository\org\freemarker\freemarker\2.3.32\freemarker-2.3.32.jar;C:\Users\user\.m2\repository\org\projectlombok\lombok\1.18.26\lombok-1.18.26.jar;C:\Users\user\.m2\repository\com\google\code\gson\gson\2.10.1\gson-2.10.1.jar;C:\Users\user\.m2\repository\org\apache\poi\poi\5.2.5\poi-5.2.5.jar;C:\Users\user\.m2\repository\commons-codec\commons-codec\1.16.0\commons-codec-1.16.0.jar;C:\Users\user\.m2\repository\org\apache\commons\commons-collections4\4.4\commons-collections4-4.4.jar;C:\Users\user\.m2\repository\org\apache\commons\commons-math3\3.6.1\commons-math3-3.6.1.jar;C:\Users\user\.m2\repository\commons-io\commons-io\2.15.0\commons-io-2.15.0.jar;C:\Users\user\.m2\repository\com\zaxxer\SparseBitSet\1.3\SparseBitSet-1.3.jar;C:\Users\user\.m2\repository\org\apache\logging\log4j\log4j-api\2.21.1\log4j-api-2.21.1.jar;C:\Users\user\.m2\repository\org\apache\poi\poi-ooxml\5.2.5\poi-ooxml-5.2.5.jar;C:\Users\user\.m2\repository\org\apache\poi\poi-ooxml-lite\5.2.5\poi-ooxml-lite-5.2.5.jar;C:\Users\user\.m2\repository\org\apache\xmlbeans\xmlbeans\5.2.0\xmlbeans-5.2.0.jar;C:\Users\user\.m2\repository\org\apache\commons\commons-compress\1.25.0\commons-compress-1.25.0.jar;C:\Users\user\.m2\repository\com\github\virtuald\curvesapi\1.08\curvesapi-1.08.jar;C:\Users\user\.m2\repository\com\mysql\mysql-connector-j\8.0.33\mysql-connector-j-8.0.33.jar;C:\Users\user\.m2\repository\com\google\protobuf\protobuf-java\3.21.9\protobuf-java-3.21.9.jar
Launcher Type: SUN_STANDARD

[Global flags]
     intx CICompilerCount                          = 3                                         {product} {ergonomic}
     uint ConcGCThreads                            = 1                                         {product} {ergonomic}
     uint G1ConcRefinementThreads                  = 4                                         {product} {ergonomic}
   size_t G1HeapRegionSize                         = 2097152                                   {product} {ergonomic}
    uintx GCDrainStackTargetSize                   = 64                                        {product} {ergonomic}
   size_t InitialHeapSize                          = 268435456                                 {product} {ergonomic}
   size_t MarkStackSize                            = 4194304                                   {product} {ergonomic}
   size_t MaxHeapSize                              = 4263510016                                {product} {ergonomic}
   size_t MaxNewSize                               = 2556428288                                {product} {ergonomic}
   size_t MinHeapDeltaBytes                        = 2097152                                   {product} {ergonomic}
   size_t MinHeapSize                              = 8388608                                   {product} {ergonomic}
    uintx NonNMethodCodeHeapSize                   = 5832780                                {pd product} {ergonomic}
    uintx NonProfiledCodeHeapSize                  = 122912730                              {pd product} {ergonomic}
    uintx ProfiledCodeHeapSize                     = 122912730                              {pd product} {ergonomic}
    uintx ReservedCodeCacheSize                    = 251658240                              {pd product} {ergonomic}
     bool SegmentedCodeCache                       = true                                      {product} {ergonomic}
     bool ShowCodeDetailsInExceptionMessages       = true                                   {manageable} {command line}
   size_t SoftMaxHeapSize                          = 4263510016                             {manageable} {ergonomic}
     bool UseCompressedOops                        = true                           {product lp64_product} {ergonomic}
     bool UseG1GC                                  = true                                      {product} {ergonomic}
     bool UseLargePagesIndividualAllocation        = false                                  {pd product} {ergonomic}

Logging:
Log output configuration:
 #0: stdout all=warning uptime,level,tags foldmultilines=false
 #1: stderr all=off uptime,level,tags foldmultilines=false

Release file:
JAVA_VERSION="21.0.10" 
MODULES="java.base java.compiler java.datatransfer java.xml java.prefs java.desktop java.instrument java.logging java.management java.security.sasl java.naming java.rmi java.management.rmi java.net.http java.scripting java.security.jgss java.transaction.xa java.sql java.sql.rowset java.xml.crypto java.se java.smartcardio jdk.accessibility jdk.internal.jvmstat jdk.attach jdk.charsets jdk.internal.opt jdk.zipfs jdk.compiler jdk.crypto.ec jdk.crypto.cryptoki jdk.crypto.mscapi jdk.dynalink jdk.internal.ed jdk.editpad jdk.hotspot.agent jdk.httpserver jdk.internal.le jdk.internal.vm.ci jdk.internal.vm.compiler jdk.internal.vm.compiler.management jdk.jartool jdk.javadoc jdk.jcmd jdk.management jdk.management.agent jdk.jconsole jdk.jdeps jdk.jdwp.agent jdk.jdi jdk.jfr jdk.jshell jdk.jsobject jdk.jstatd jdk.localedata jdk.management.jfr jdk.naming.dns jdk.naming.rmi jdk.net jdk.nio.mapmode jdk.random jdk.sctp jdk.security.auth jdk.security.jgss jdk.unsupported jdk.unsupported.desktop jdk.xml.dom" 

Environment Variables:
PATH=C:\Users\user\Downloads\eclipse-java-2026-03-R-win32-x86_64\eclipse\plugins\org.eclipse.justj.openjdk.hotspot.jre.full.win32.x86_64_21.0.10.v20260205-0638\jre\bin;C:/Users/user/Downloads/eclipse-java-2026-03-R-win32-x86_64/eclipse//plugins/org.eclipse.justj.openjdk.hotspot.jre.full.win32.x86_64_21.0.10.v20260205-0638/jre/bin/server;C:/Users/user/Downloads/eclipse-java-2026-03-R-win32-x86_64/eclipse//plugins/org.eclipse.justj.openjdk.hotspot.jre.full.win32.x86_64_21.0.10.v20260205-0638/jre/bin;C:\Program Files\Common Files\Oracle\Java\javapath;C:\WINDOWS\system32;C:\WINDOWS;C:\WINDOWS\System32\Wbem;C:\WINDOWS\System32\WindowsPowerShell\v1.0\;C:\WINDOWS\System32\OpenSSH\;c:\Program Files (x86)\Microsoft SQL Server\100\Tools\Binn\;c:\Program Files\Microsoft SQL Server\100\Tools\Binn\;c:\Program Files\Microsoft SQL Server\100\DTS\Binn\;c:\Program Files (x86)\Microsoft SQL Server\100\Tools\Binn\VSShell\Common7\IDE\;c:\Program Files (x86)\Microsoft Visual Studio 9.0\Common7\IDE\PrivateAssemblies\;c:\Program Files (x86)\Microsoft SQL Server\100\DTS\Binn\;C:\Program Files\Microsoft SQL Server\150\Tools\Binn\;C:\Program Files\Microsoft SQL Server\Client SDK\ODBC\170\Tools\Binn\;C:\Program Files\dotnet\;C:\Program Files\nodejs\;C:\Program Files (x86)\VisualSVN\bin;C:\Program Files\TortoiseSVN\bin;C:\Program Files\Java\jdk-24\bin;C:\Program Files\Git\cmd;C:\Users\user\AppData\Local\Microsoft\WindowsApps;C:\Users\user\AppData\Local\Programs\Microsoft VS Code\bin;C:\Users\user\Downloads\eclipse-java-2026-03-R-win32-x86_64\eclipse;
USERNAME=user
OS=Windows_NT
PROCESSOR_IDENTIFIER=Intel64 Family 6 Model 58 Stepping 9, GenuineIntel
TMP=C:\Users\user\AppData\Local\Temp
TEMP=C:\Users\user\AppData\Local\Temp




Periodic native trim disabled

---------------  S Y S T E M  ---------------

OS:
 Windows 10 , 64 bit Build 19041 (10.0.19041.5915)
OS uptime: 2 days 0:45 hours

CPU: total 4 (initial active 4) (2 cores per cpu, 2 threads per core) family 6 model 58 stepping 9 microcode 0x21, cx8, cmov, fxsr, ht, mmx, sse, sse2, sse3, ssse3, sse4.1, sse4.2, popcnt, tsc, tscinvbit, avx, erms, clmul, vzeroupper, clflush, rdtscp, f16c
Processor Information for the first 4 processors :
  Max Mhz: 3300, Current Mhz: 3300, Mhz Limit: 3300

Memory: 4k page, system-wide physical 16262M (8239M free)
TotalPageFile size 18694M (AvailPageFile size 10210M)
current process WorkingSet (physical memory assigned to process): 146M, peak: 146M
current process commit charge ("private bytes"): 365M, peak: 365M

vm_info: OpenJDK 64-Bit Server VM (21.0.10+7-LTS) for windows-amd64 JRE (21.0.10+7-LTS), built on 2026-01-20T00:00:00Z by "admin" with MS VC++ 17.12 (VS2022)

END.
